Archive member included to satisfy reference by file (symbol)

/usr/local/gcc-arm-none-eabi-7-2017-q4-major/bin/../lib/gcc/arm-none-eabi/7.2.1/../../../../arm-none-eabi/lib/thumb/v7e-m/fpv4-sp/hard/libc_nano.a(lib_a-exit.o)
                              /usr/local/gcc-arm-none-eabi-7-2017-q4-major/bin/../lib/gcc/arm-none-eabi/7.2.1/../../../../arm-none-eabi/lib/thumb/v7e-m/fpv4-sp/hard/crt0.o (exit)
/usr/local/gcc-arm-none-eabi-7-2017-q4-major/bin/../lib/gcc/arm-none-eabi/7.2.1/../../../../arm-none-eabi/lib/thumb/v7e-m/fpv4-sp/hard/libc_nano.a(lib_a-impure.o)
                              /usr/local/gcc-arm-none-eabi-7-2017-q4-major/bin/../lib/gcc/arm-none-eabi/7.2.1/../../../../arm-none-eabi/lib/thumb/v7e-m/fpv4-sp/hard/libc_nano.a(lib_a-exit.o) (_global_impure_ptr)
/usr/local/gcc-arm-none-eabi-7-2017-q4-major/bin/../lib/gcc/arm-none-eabi/7.2.1/../../../../arm-none-eabi/lib/thumb/v7e-m/fpv4-sp/hard/libc_nano.a(lib_a-init.o)
                              /usr/local/gcc-arm-none-eabi-7-2017-q4-major/bin/../lib/gcc/arm-none-eabi/7.2.1/../../../../arm-none-eabi/lib/thumb/v7e-m/fpv4-sp/hard/crt0.o (__libc_init_array)
/usr/local/gcc-arm-none-eabi-7-2017-q4-major/bin/../lib/gcc/arm-none-eabi/7.2.1/../../../../arm-none-eabi/lib/thumb/v7e-m/fpv4-sp/hard/libc_nano.a(lib_a-memset.o)
                              /usr/local/gcc-arm-none-eabi-7-2017-q4-major/bin/../lib/gcc/arm-none-eabi/7.2.1/../../../../arm-none-eabi/lib/thumb/v7e-m/fpv4-sp/hard/crt0.o (memset)
/usr/local/gcc-arm-none-eabi-7-2017-q4-major/bin/../lib/gcc/arm-none-eabi/7.2.1/../../../../arm-none-eabi/lib/thumb/v7e-m/fpv4-sp/hard/libnosys.a(_exit.o)
                              /usr/local/gcc-arm-none-eabi-7-2017-q4-major/bin/../lib/gcc/arm-none-eabi/7.2.1/../../../../arm-none-eabi/lib/thumb/v7e-m/fpv4-sp/hard/libc_nano.a(lib_a-exit.o) (_exit)

Discarded input sections

 .text          0x0000000000000000        0x0 /usr/local/gcc-arm-none-eabi-7-2017-q4-major/bin/../lib/gcc/arm-none-eabi/7.2.1/thumb/v7e-m/fpv4-sp/hard/crti.o
 .data          0x0000000000000000        0x0 /usr/local/gcc-arm-none-eabi-7-2017-q4-major/bin/../lib/gcc/arm-none-eabi/7.2.1/thumb/v7e-m/fpv4-sp/hard/crti.o
 .bss           0x0000000000000000        0x0 /usr/local/gcc-arm-none-eabi-7-2017-q4-major/bin/../lib/gcc/arm-none-eabi/7.2.1/thumb/v7e-m/fpv4-sp/hard/crti.o
 .data          0x0000000000000000        0x4 /usr/local/gcc-arm-none-eabi-7-2017-q4-major/bin/../lib/gcc/arm-none-eabi/7.2.1/thumb/v7e-m/fpv4-sp/hard/crtbegin.o
 .data          0x0000000000000000        0x0 /usr/local/gcc-arm-none-eabi-7-2017-q4-major/bin/../lib/gcc/arm-none-eabi/7.2.1/../../../../arm-none-eabi/lib/thumb/v7e-m/fpv4-sp/hard/crt0.o
 .bss           0x0000000000000000        0x0 /usr/local/gcc-arm-none-eabi-7-2017-q4-major/bin/../lib/gcc/arm-none-eabi/7.2.1/../../../../arm-none-eabi/lib/thumb/v7e-m/fpv4-sp/hard/crt0.o
 .ARM.extab     0x0000000000000000        0x0 /usr/local/gcc-arm-none-eabi-7-2017-q4-major/bin/../lib/gcc/arm-none-eabi/7.2.1/../../../../arm-none-eabi/lib/thumb/v7e-m/fpv4-sp/hard/crt0.o
 .data          0x0000000000000000        0x0 _build/nrf52832_xxaa/gcc_startup_nrf52.S.o
 .bss           0x0000000000000000        0x0 _build/nrf52832_xxaa/gcc_startup_nrf52.S.o
 .group         0x0000000000000000        0xc _build/nrf52832_xxaa/main.c.o
 .group         0x0000000000000000        0xc _build/nrf52832_xxaa/main.c.o
 .group         0x0000000000000000        0xc _build/nrf52832_xxaa/main.c.o
 .group         0x0000000000000000        0xc _build/nrf52832_xxaa/main.c.o
 .group         0x0000000000000000        0xc _build/nrf52832_xxaa/main.c.o
 .group         0x0000000000000000        0xc _build/nrf52832_xxaa/main.c.o
 .group         0x0000000000000000        0xc _build/nrf52832_xxaa/main.c.o
 .group         0x0000000000000000        0xc _build/nrf52832_xxaa/main.c.o
 .group         0x0000000000000000        0xc _build/nrf52832_xxaa/main.c.o
 .group         0x0000000000000000        0xc _build/nrf52832_xxaa/main.c.o
 .group         0x0000000000000000        0xc _build/nrf52832_xxaa/main.c.o
 .group         0x0000000000000000        0xc _build/nrf52832_xxaa/main.c.o
 .group         0x0000000000000000        0xc _build/nrf52832_xxaa/main.c.o
 .group         0x0000000000000000        0xc _build/nrf52832_xxaa/main.c.o
 .group         0x0000000000000000        0xc _build/nrf52832_xxaa/main.c.o
 .group         0x0000000000000000        0xc _build/nrf52832_xxaa/main.c.o
 .group         0x0000000000000000        0xc _build/nrf52832_xxaa/main.c.o
 .group         0x0000000000000000        0xc _build/nrf52832_xxaa/main.c.o
 .group         0x0000000000000000        0xc _build/nrf52832_xxaa/main.c.o
 .group         0x0000000000000000        0xc _build/nrf52832_xxaa/main.c.o
 .group         0x0000000000000000        0xc _build/nrf52832_xxaa/main.c.o
 .group         0x0000000000000000        0xc _build/nrf52832_xxaa/main.c.o
 .group         0x0000000000000000        0xc _build/nrf52832_xxaa/main.c.o
[...]
Memory Configuration

Name             Origin             Length             Attributes
FLASH            0x0000000000000000 0x0000000000080000 xr
RAM              0x0000000020000000 0x0000000000010000 xrw
*default*        0x0000000000000000 0xffffffffffffffff

Linker script and memory map


.text           0x0000000000000000      0x814
 *(.isr_vector)
 .isr_vector    0x0000000000000000      0x200 _build/nrf52832_xxaa/gcc_startup_nrf52.S.o
                0x0000000000000000                __isr_vector
 *(.text*)
 .text          0x0000000000000200       0x40 /usr/local/gcc-arm-none-eabi-7-2017-q4-major/bin/../lib/gcc/arm-none-eabi/7.2.1/thumb/v7e-m/fpv4-sp/hard/crtbegin.o
 .text          0x0000000000000240       0x74 /usr/local/gcc-arm-none-eabi-7-2017-q4-major/bin/../lib/gcc/arm-none-eabi/7.2.1/../../../../arm-none-eabi/lib/thumb/v7e-m/fpv4-sp/hard/crt0.o
                0x0000000000000240                _mainCRTStartup
                0x0000000000000240                _start
 .text          0x00000000000002b4       0x3c _build/nrf52832_xxaa/gcc_startup_nrf52.S.o
                0x00000000000002b4                Reset_Handler
                0x00000000000002dc                NMI_Handler
                0x00000000000002de                HardFault_Handler
                0x00000000000002e0                MemoryManagement_Handler
                0x00000000000002e2                BusFault_Handler
                0x00000000000002e4                UsageFault_Handler
                0x00000000000002e6                SVC_Handler
                0x00000000000002e8                DebugMon_Handler
                0x00000000000002ea                PendSV_Handler
                0x00000000000002ec                SysTick_Handler
                0x00000000000002ee                QDEC_IRQHandler
                0x00000000000002ee                TIMER3_IRQHandler
                0x00000000000002ee                FPU_IRQHandler
                0x00000000000002ee                SPIM0_SPIS0_TWIM0_TWIS0_SPI0_TWI0_IRQHandler
                0x00000000000002ee                UARTE0_UART0_IRQHandler
                0x00000000000002ee                TIMER4_IRQHandler
                0x00000000000002ee                I2S_IRQHandler
                0x00000000000002ee                SWI4_EGU4_IRQHandler
                0x00000000000002ee                TIMER0_IRQHandler
                0x00000000000002ee                TIMER1_IRQHandler
                0x00000000000002ee                PWM2_IRQHandler
                0x00000000000002ee                ECB_IRQHandler
                0x00000000000002ee                SPIM1_SPIS1_TWIM1_TWIS1_SPI1_TWI1_IRQHandler
                0x00000000000002ee                Default_Handler
                0x00000000000002ee                SAADC_IRQHandler
                0x00000000000002ee                CCM_AAR_IRQHandler
                0x00000000000002ee                WDT_IRQHandler
                0x00000000000002ee                SWI5_EGU5_IRQHandler
                0x00000000000002ee                RNG_IRQHandler
                0x00000000000002ee                RTC2_IRQHandler
                0x00000000000002ee                PWM0_IRQHandler
                0x00000000000002ee                SWI3_EGU3_IRQHandler
                0x00000000000002ee                RTC1_IRQHandler
                0x00000000000002ee                SWI1_EGU1_IRQHandler
                0x00000000000002ee                SPIM2_SPIS2_SPI2_IRQHandler
                0x00000000000002ee                NFCT_IRQHandler
                0x00000000000002ee                MWU_IRQHandler
                0x00000000000002ee                TIMER2_IRQHandler
                0x00000000000002ee                COMP_LPCOMP_IRQHandler
                0x00000000000002ee                RTC0_IRQHandler
                0x00000000000002ee                SWI0_EGU0_IRQHandler
                0x00000000000002ee                SWI2_EGU2_IRQHandler
                0x00000000000002ee                GPIOTE_IRQHandler
                0x00000000000002ee                PWM1_IRQHandler
                0x00000000000002ee                POWER_CLOCK_IRQHandler
                0x00000000000002ee                RADIO_IRQHandler
                0x00000000000002ee                PDM_IRQHandler
                0x00000000000002ee                TEMP_IRQHandler
 .text.startup.main
                0x00000000000002f0       0x30 _build/nrf52832_xxaa/main.c.o
                0x00000000000002f0                main
 .text.bsp_board_led_invert
                0x0000000000000320       0x24 _build/nrf52832_xxaa/boards.c.o
                0x0000000000000320                bsp_board_led_invert
 .text.bsp_board_init
                0x0000000000000344       0x5c _build/nrf52832_xxaa/boards.c.o
                0x0000000000000344                bsp_board_init
 .text.SystemInit
                0x00000000000003a0      0x3c0 _build/nrf52832_xxaa/system_nrf52.c.o
                0x00000000000003a0                SystemInit
 .text.exit     0x0000000000000760       0x28 /usr/local/gcc-arm-none-eabi-7-2017-q4-major/bin/../lib/gcc/arm-none-eabi/7.2.1/../../../../arm-none-eabi/lib/thumb/v7e-m/fpv4-sp/hard/libc_nano.a(lib_a-exit.o)
                0x0000000000000760                exit
 .text.__libc_init_array
                0x0000000000000788       0x48 /usr/local/gcc-arm-none-eabi-7-2017-q4-major/bin/../lib/gcc/arm-none-eabi/7.2.1/../../../../arm-none-eabi/lib/thumb/v7e-m/fpv4-sp/hard/libc_nano.a(lib_a-init.o)
                0x0000000000000788                __libc_init_array
 .text.memset   0x00000000000007d0       0x10 /usr/local/gcc-arm-none-eabi-7-2017-q4-major/bin/../lib/gcc/arm-none-eabi/7.2.1/../../../../arm-none-eabi/lib/thumb/v7e-m/fpv4-sp/hard/libc_nano.a(lib_a-memset.o)
                0x00000000000007d0                memset
 .text._exit    0x00000000000007e0        0x4 /usr/local/gcc-arm-none-eabi-7-2017-q4-major/bin/../lib/gcc/arm-none-eabi/7.2.1/../../../../arm-none-eabi/lib/thumb/v7e-m/fpv4-sp/hard/libnosys.a(_exit.o)
                0x00000000000007e0                _exit
 *(.init)
 .init          0x00000000000007e4        0x4 /usr/local/gcc-arm-none-eabi-7-2017-q4-major/bin/../lib/gcc/arm-none-eabi/7.2.1/thumb/v7e-m/fpv4-sp/hard/crti.o
                0x00000000000007e4                _init
 .init          0x00000000000007e8        0x8 /usr/local/gcc-arm-none-eabi-7-2017-q4-major/bin/../lib/gcc/arm-none-eabi/7.2.1/thumb/v7e-m/fpv4-sp/hard/crtn.o
 *(.fini)
 .fini          0x00000000000007f0        0x4 /usr/local/gcc-arm-none-eabi-7-2017-q4-major/bin/../lib/gcc/arm-none-eabi/7.2.1/thumb/v7e-m/fpv4-sp/hard/crti.o
                0x00000000000007f0                _fini
 .fini          0x00000000000007f4        0x8 /usr/local/gcc-arm-none-eabi-7-2017-q4-major/bin/../lib/gcc/arm-none-eabi/7.2.1/thumb/v7e-m/fpv4-sp/hard/crtn.o
 *crtbegin.o(.ctors)
 *crtbegin?.o(.ctors)
 *(EXCLUDE_FILE(*crtend.o *crtend?.o) .ctors)
 *(SORT_BY_NAME(.ctors.*))
 *(.ctors)
 *crtbegin.o(.dtors)
 *crtbegin?.o(.dtors)
 *(EXCLUDE_FILE(*crtend.o *crtend?.o) .dtors)
 *(SORT_BY_NAME(.dtors.*))
 *(.dtors)
 *(.rodata*)
 *fill*         0x00000000000007fc        0x4 
 .rodata.delay_bytecode.7908
                0x0000000000000800        0x6 _build/nrf52832_xxaa/main.c.o
 *fill*         0x0000000000000806        0x2 
 .rodata.m_board_led_list
                0x0000000000000808        0x4 _build/nrf52832_xxaa/boards.c.o
 .rodata._global_impure_ptr
                0x000000000000080c        0x4 /usr/local/gcc-arm-none-eabi-7-2017-q4-major/bin/../lib/gcc/arm-none-eabi/7.2.1/../../../../arm-none-eabi/lib/thumb/v7e-m/fpv4-sp/hard/libc_nano.a(lib_a-impure.o)
                0x000000000000080c                _global_impure_ptr
 *(.eh_frame*)
 .eh_frame      0x0000000000000810        0x0 /usr/local/gcc-arm-none-eabi-7-2017-q4-major/bin/../lib/gcc/arm-none-eabi/7.2.1/thumb/v7e-m/fpv4-sp/hard/crtbegin.o
 .eh_frame      0x0000000000000810        0x4 /usr/local/gcc-arm-none-eabi-7-2017-q4-major/bin/../lib/gcc/arm-none-eabi/7.2.1/thumb/v7e-m/fpv4-sp/hard/crtend.o

.glue_7         0x0000000000000814        0x0
 .glue_7        0x0000000000000814        0x0 linker stubs

.glue_7t        0x0000000000000814        0x0
 .glue_7t       0x0000000000000814        0x0 linker stubs

.vfp11_veneer   0x0000000000000814        0x0
 .vfp11_veneer  0x0000000000000814        0x0 linker stubs

.v4_bx          0x0000000000000814        0x0
 .v4_bx         0x0000000000000814        0x0 linker stubs

.iplt           0x0000000000000814        0x0
 .iplt          0x0000000000000814        0x0 /usr/local/gcc-arm-none-eabi-7-2017-q4-major/bin/../lib/gcc/arm-none-eabi/7.2.1/thumb/v7e-m/fpv4-sp/hard/crtbegin.o

.mem_section_dummy_rom

.log_const_data
                0x0000000000000814        0x0
                [!provide]                        PROVIDE (__start_log_const_data, .)
 *(SORT_BY_NAME(.log_const_data*))
                [!provide]                        PROVIDE (__stop_log_const_data, .)

.nrf_balloc     0x0000000000000814        0x0
                [!provide]                        PROVIDE (__start_nrf_balloc, .)
 *(.nrf_balloc)
                [!provide]                        PROVIDE (__stop_nrf_balloc, .)

.ARM.extab
 *(.ARM.extab* .gnu.linkonce.armextab.*)
                0x0000000000000814                __exidx_start = .

.ARM.exidx      0x0000000000000814        0x8
 *(.ARM.exidx* .gnu.linkonce.armexidx.*)
 .ARM.exidx     0x0000000000000814        0x8 /usr/local/gcc-arm-none-eabi-7-2017-q4-major/bin/../lib/gcc/arm-none-eabi/7.2.1/../../../../arm-none-eabi/lib/thumb/v7e-m/fpv4-sp/hard/crt0.o
                0x000000000000081c                __exidx_end = .
                0x000000000000081c                __etext = .

.rel.dyn        0x000000000000081c        0x0
 .rel.iplt      0x000000000000081c        0x0 /usr/local/gcc-arm-none-eabi-7-2017-q4-major/bin/../lib/gcc/arm-none-eabi/7.2.1/thumb/v7e-m/fpv4-sp/hard/crtbegin.o

.data           0x0000000020000000       0x6c load address 0x000000000000081c
                0x0000000020000000                __data_start__ = .
 *(vtable)
 *(.data*)
 .data.SystemCoreClock
                0x0000000020000000        0x4 _build/nrf52832_xxaa/system_nrf52.c.o
                0x0000000020000000                SystemCoreClock
 .data.impure_data
                0x0000000020000004       0x60 /usr/local/gcc-arm-none-eabi-7-2017-q4-major/bin/../lib/gcc/arm-none-eabi/7.2.1/../../../../arm-none-eabi/lib/thumb/v7e-m/fpv4-sp/hard/libc_nano.a(lib_a-impure.o)
                0x0000000020000064                . = ALIGN (0x4)
                0x0000000020000064                PROVIDE (__preinit_array_start, .)
 *(.preinit_array)
                0x0000000020000064                PROVIDE (__preinit_array_end, .)
                0x0000000020000064                . = ALIGN (0x4)
                0x0000000020000064                PROVIDE (__init_array_start, .)
 *(SORT_BY_NAME(.init_array.*))
 *(.init_array)
 .init_array    0x0000000020000064        0x4 /usr/local/gcc-arm-none-eabi-7-2017-q4-major/bin/../lib/gcc/arm-none-eabi/7.2.1/thumb/v7e-m/fpv4-sp/hard/crtbegin.o
                0x0000000020000068                PROVIDE (__init_array_end, .)
                0x0000000020000068                . = ALIGN (0x4)
                [!provide]                        PROVIDE (__fini_array_start, .)
 *(SORT_BY_NAME(.fini_array.*))
 *(.fini_array)
 .fini_array    0x0000000020000068        0x4 /usr/local/gcc-arm-none-eabi-7-2017-q4-major/bin/../lib/gcc/arm-none-eabi/7.2.1/thumb/v7e-m/fpv4-sp/hard/crtbegin.o
                [!provide]                        PROVIDE (__fini_array_end, .)
 *(.jcr*)
                0x000000002000006c                . = ALIGN (0x4)
                0x000000002000006c                __data_end__ = .
LOAD /usr/local/gcc-arm-none-eabi-7-2017-q4-major/bin/../lib/gcc/arm-none-eabi/7.2.1/thumb/v7e-m/fpv4-sp/hard/crti.o
LOAD /usr/local/gcc-arm-none-eabi-7-2017-q4-major/bin/../lib/gcc/arm-none-eabi/7.2.1/thumb/v7e-m/fpv4-sp/hard/crtbegin.o
LOAD /usr/local/gcc-arm-none-eabi-7-2017-q4-major/bin/../lib/gcc/arm-none-eabi/7.2.1/../../../../arm-none-eabi/lib/thumb/v7e-m/fpv4-sp/hard/crt0.o
LOAD _build/nrf52832_xxaa/gcc_startup_nrf52.S.o
LOAD _build/nrf52832_xxaa/main.c.o
LOAD _build/nrf52832_xxaa/boards.c.o
LOAD _build/nrf52832_xxaa/app_error.c.o
LOAD _build/nrf52832_xxaa/app_error_handler_gcc.c.o
LOAD _build/nrf52832_xxaa/app_error_weak.c.o
LOAD _build/nrf52832_xxaa/app_util_platform.c.o
LOAD _build/nrf52832_xxaa/nrf_assert.c.o
LOAD _build/nrf52832_xxaa/nrf_strerror.c.o
LOAD _build/nrf52832_xxaa/system_nrf52.c.o
LOAD /usr/local/gcc-arm-none-eabi-7-2017-q4-major/bin/../lib/gcc/arm-none-eabi/7.2.1/../../../../arm-none-eabi/lib/thumb/v7e-m/fpv4-sp/hard/libc_nano.a
LOAD /usr/local/gcc-arm-none-eabi-7-2017-q4-major/bin/../lib/gcc/arm-none-eabi/7.2.1/../../../../arm-none-eabi/lib/thumb/v7e-m/fpv4-sp/hard/libnosys.a
LOAD /usr/local/gcc-arm-none-eabi-7-2017-q4-major/bin/../lib/gcc/arm-none-eabi/7.2.1/../../../../arm-none-eabi/lib/thumb/v7e-m/fpv4-sp/hard/libm.a
START GROUP
LOAD /usr/local/gcc-arm-none-eabi-7-2017-q4-major/bin/../lib/gcc/arm-none-eabi/7.2.1/thumb/v7e-m/fpv4-sp/hard/libgcc.a
LOAD /usr/local/gcc-arm-none-eabi-7-2017-q4-major/bin/../lib/gcc/arm-none-eabi/7.2.1/../../../../arm-none-eabi/lib/thumb/v7e-m/fpv4-sp/hard/libg_nano.a
LOAD /usr/local/gcc-arm-none-eabi-7-2017-q4-major/bin/../lib/gcc/arm-none-eabi/7.2.1/../../../../arm-none-eabi/lib/thumb/v7e-m/fpv4-sp/hard/libc_nano.a
END GROUP
START GROUP
LOAD /usr/local/gcc-arm-none-eabi-7-2017-q4-major/bin/../lib/gcc/arm-none-eabi/7.2.1/thumb/v7e-m/fpv4-sp/hard/libgcc.a
LOAD /usr/local/gcc-arm-none-eabi-7-2017-q4-major/bin/../lib/gcc/arm-none-eabi/7.2.1/../../../../arm-none-eabi/lib/thumb/v7e-m/fpv4-sp/hard/libc_nano.a
END GROUP
LOAD /usr/local/gcc-arm-none-eabi-7-2017-q4-major/bin/../lib/gcc/arm-none-eabi/7.2.1/thumb/v7e-m/fpv4-sp/hard/crtend.o
LOAD /usr/local/gcc-arm-none-eabi-7-2017-q4-major/bin/../lib/gcc/arm-none-eabi/7.2.1/thumb/v7e-m/fpv4-sp/hard/crtn.o
START GROUP
LOAD /usr/local/gcc-arm-none-eabi-7-2017-q4-major/bin/../lib/gcc/arm-none-eabi/7.2.1/thumb/v7e-m/fpv4-sp/hard/libgcc.a
LOAD /usr/local/gcc-arm-none-eabi-7-2017-q4-major/bin/../lib/gcc/arm-none-eabi/7.2.1/../../../../arm-none-eabi/lib/thumb/v7e-m/fpv4-sp/hard/libc.a
LOAD /usr/local/gcc-arm-none-eabi-7-2017-q4-major/bin/../lib/gcc/arm-none-eabi/7.2.1/../../../../arm-none-eabi/lib/thumb/v7e-m/fpv4-sp/hard/libnosys.a
END GROUP

.igot.plt       0x000000002000006c        0x0 load address 0x0000000000000888
 .igot.plt      0x000000002000006c        0x0 /usr/local/gcc-arm-none-eabi-7-2017-q4-major/bin/../lib/gcc/arm-none-eabi/7.2.1/thumb/v7e-m/fpv4-sp/hard/crtbegin.o
                0x000000002000006c                . = ALIGN (0x4)

.mem_section_dummy_ram

.log_dynamic_data
                0x000000002000006c        0x0
                [!provide]                        PROVIDE (__start_log_dynamic_data, .)
 *(SORT_BY_NAME(.log_dynamic_data*))
                [!provide]                        PROVIDE (__stop_log_dynamic_data, .)

.bss            0x000000002000006c       0x1c load address 0x0000000000000888
                0x000000002000006c                . = ALIGN (0x4)
                0x000000002000006c                __bss_start__ = .
 *(.bss*)
 .bss           0x000000002000006c       0x1c /usr/local/gcc-arm-none-eabi-7-2017-q4-major/bin/../lib/gcc/arm-none-eabi/7.2.1/thumb/v7e-m/fpv4-sp/hard/crtbegin.o
 *(COMMON)
                0x0000000020000088                . = ALIGN (0x4)
                0x0000000020000088                __bss_end__ = .

.heap           0x0000000020000088     0x2000
                0x0000000020000088                __HeapBase = .
                0x0000000020000088                __end__ = .
                [!provide]                        PROVIDE (end, .)
 *(.heap*)
 .heap          0x0000000020000088     0x2000 _build/nrf52832_xxaa/gcc_startup_nrf52.S.o
                0x0000000020002088                __HeapLimit = .

.stack_dummy    0x0000000020000088     0x2000
 *(.stack*)
 .stack         0x0000000020000088     0x2000 _build/nrf52832_xxaa/gcc_startup_nrf52.S.o
                0x0000000020010000                __StackTop = (ORIGIN (RAM) + LENGTH (RAM))
                0x000000002000e000                __StackLimit = (__StackTop - SIZEOF (.stack_dummy))
                0x0000000020010000                PROVIDE (__stack, __StackTop)
                0x0000000000000001                ASSERT ((__StackLimit >= __HeapLimit), region RAM overflowed with stack)
                0x000000000000006c                DataInitFlashUsed = (__bss_start__ - __data_start__)
                0x000000000000081c                CodeFlashUsed = (__etext - ORIGIN (FLASH))
                0x0000000000000888                TotalFlashUsed = (CodeFlashUsed + DataInitFlashUsed)
                0x0000000000000001                ASSERT ((TotalFlashUsed <= LENGTH (FLASH)), region FLASH overflowed with .data and user data)
OUTPUT(_build/nrf52832_xxaa.out elf32-littlearm)

.ARM.attributes
                0x0000000000000000       0x30
 .ARM.attributes
                0x0000000000000000       0x22 /usr/local/gcc-arm-none-eabi-7-2017-q4-major/bin/../lib/gcc/arm-none-eabi/7.2.1/thumb/v7e-m/fpv4-sp/hard/crti.o
 .ARM.attributes
                0x0000000000000022       0x34 /usr/local/gcc-arm-none-eabi-7-2017-q4-major/bin/../lib/gcc/arm-none-eabi/7.2.1/thumb/v7e-m/fpv4-sp/hard/crtbegin.o
 .ARM.attributes
                0x0000000000000056       0x20 /usr/local/gcc-arm-none-eabi-7-2017-q4-major/bin/../lib/gcc/arm-none-eabi/7.2.1/../../../../arm-none-eabi/lib/thumb/v7e-m/fpv4-sp/hard/crt0.o
 .ARM.attributes
                0x0000000000000076       0x20 _build/nrf52832_xxaa/gcc_startup_nrf52.S.o
 .ARM.attributes
                0x0000000000000096       0x39 _build/nrf52832_xxaa/main.c.o
 .ARM.attributes
                0x00000000000000cf       0x39 _build/nrf52832_xxaa/boards.c.o
 .ARM.attributes
                0x0000000000000108       0x39 _build/nrf52832_xxaa/system_nrf52.c.o
 .ARM.attributes
                0x0000000000000141       0x34 /usr/local/gcc-arm-none-eabi-7-2017-q4-major/bin/../lib/gcc/arm-none-eabi/7.2.1/../../../../arm-none-eabi/lib/thumb/v7e-m/fpv4-sp/hard/libc_nano.a(lib_a-exit.o)
 .ARM.attributes
                0x0000000000000175       0x34 /usr/local/gcc-arm-none-eabi-7-2017-q4-major/bin/../lib/gcc/arm-none-eabi/7.2.1/../../../../arm-none-eabi/lib/thumb/v7e-m/fpv4-sp/hard/libc_nano.a(lib_a-impure.o)
 .ARM.attributes
                0x00000000000001a9       0x34 /usr/local/gcc-arm-none-eabi-7-2017-q4-major/bin/../lib/gcc/arm-none-eabi/7.2.1/../../../../arm-none-eabi/lib/thumb/v7e-m/fpv4-sp/hard/libc_nano.a(lib_a-init.o)
 .ARM.attributes
                0x00000000000001dd       0x34 /usr/local/gcc-arm-none-eabi-7-2017-q4-major/bin/../lib/gcc/arm-none-eabi/7.2.1/../../../../arm-none-eabi/lib/thumb/v7e-m/fpv4-sp/hard/libc_nano.a(lib_a-memset.o)
 .ARM.attributes
                0x0000000000000211       0x34 /usr/local/gcc-arm-none-eabi-7-2017-q4-major/bin/../lib/gcc/arm-none-eabi/7.2.1/../../../../arm-none-eabi/lib/thumb/v7e-m/fpv4-sp/hard/libnosys.a(_exit.o)
 .ARM.attributes
                0x0000000000000245       0x34 /usr/local/gcc-arm-none-eabi-7-2017-q4-major/bin/../lib/gcc/arm-none-eabi/7.2.1/thumb/v7e-m/fpv4-sp/hard/crtend.o
 .ARM.attributes
                0x0000000000000279       0x22 /usr/local/gcc-arm-none-eabi-7-2017-q4-major/bin/../lib/gcc/arm-none-eabi/7.2.1/thumb/v7e-m/fpv4-sp/hard/crtn.o

.comment        0x0000000000000000       0x7e
 .comment       0x0000000000000000       0x7e _build/nrf52832_xxaa/main.c.o
                                         0x7f (size before relaxing)
 .comment       0x000000000000007e       0x7f _build/nrf52832_xxaa/boards.c.o
 .comment       0x000000000000007e       0x7f _build/nrf52832_xxaa/system_nrf52.c.o

.debug_line     0x0000000000000000     0x146b
 .debug_line    0x0000000000000000       0x86 _build/nrf52832_xxaa/gcc_startup_nrf52.S.o
 .debug_line    0x0000000000000086      0x722 _build/nrf52832_xxaa/main.c.o
 .debug_line    0x00000000000007a8      0x86c _build/nrf52832_xxaa/boards.c.o
 .debug_line    0x0000000000001014      0x457 _build/nrf52832_xxaa/system_nrf52.c.o

.debug_info     0x0000000000000000     0x3042
 .debug_info    0x0000000000000000       0x26 _build/nrf52832_xxaa/gcc_startup_nrf52.S.o
 .debug_info    0x0000000000000026      0xa7e _build/nrf52832_xxaa/main.c.o
 .debug_info    0x0000000000000aa4     0x1484 _build/nrf52832_xxaa/boards.c.o
 .debug_info    0x0000000000001f28     0x111a _build/nrf52832_xxaa/system_nrf52.c.o

.debug_abbrev   0x0000000000000000      0x82a
 .debug_abbrev  0x0000000000000000       0x14 _build/nrf52832_xxaa/gcc_startup_nrf52.S.o
 .debug_abbrev  0x0000000000000014      0x27f _build/nrf52832_xxaa/main.c.o
 .debug_abbrev  0x0000000000000293      0x3b5 _build/nrf52832_xxaa/boards.c.o
 .debug_abbrev  0x0000000000000648      0x1e2 _build/nrf52832_xxaa/system_nrf52.c.o

.debug_aranges  0x0000000000000000       0xe0
 .debug_aranges
                0x0000000000000000       0x20 _build/nrf52832_xxaa/gcc_startup_nrf52.S.o
 .debug_aranges
                0x0000000000000020       0x20 _build/nrf52832_xxaa/main.c.o
 .debug_aranges
                0x0000000000000040       0x78 _build/nrf52832_xxaa/boards.c.o
 .debug_aranges
                0x00000000000000b8       0x28 _build/nrf52832_xxaa/system_nrf52.c.o

.debug_str      0x0000000000000000    0x697e3
 .debug_str     0x0000000000000000       0xb3 _build/nrf52832_xxaa/gcc_startup_nrf52.S.o
 .debug_str     0x00000000000000b3    0x68cc3 _build/nrf52832_xxaa/main.c.o
                                      0x699e9 (size before relaxing)
 .debug_str     0x0000000000068d76      0x503 _build/nrf52832_xxaa/boards.c.o
                                      0x69e82 (size before relaxing)
 .debug_str     0x0000000000069279      0x56a _build/nrf52832_xxaa/system_nrf52.c.o
                                      0x5c4d3 (size before relaxing)

.debug_loc      0x0000000000000000      0x87c
 .debug_loc     0x0000000000000000       0x7b _build/nrf52832_xxaa/main.c.o
 .debug_loc     0x000000000000007b      0x801 _build/nrf52832_xxaa/boards.c.o

.debug_ranges   0x0000000000000000      0x308
 .debug_ranges  0x0000000000000000       0x10 _build/nrf52832_xxaa/main.c.o
 .debug_ranges  0x0000000000000010      0x190 _build/nrf52832_xxaa/boards.c.o
 .debug_ranges  0x00000000000001a0      0x168 _build/nrf52832_xxaa/system_nrf52.c.o

.debug_macro    0x0000000000000000    0x12c64
 .debug_macro   0x0000000000000000      0x330 _build/nrf52832_xxaa/main.c.o
 .debug_macro   0x0000000000000330      0xa78 _build/nrf52832_xxaa/main.c.o
 .debug_macro   0x0000000000000da8       0x22 _build/nrf52832_xxaa/main.c.o
 .debug_macro   0x0000000000000dca       0x22 _build/nrf52832_xxaa/main.c.o
 .debug_macro   0x0000000000000dec       0x4f _build/nrf52832_xxaa/main.c.o
 .debug_macro   0x0000000000000e3b       0x51 _build/nrf52832_xxaa/main.c.o
 .debug_macro   0x0000000000000e8c       0xef _build/nrf52832_xxaa/main.c.o
 .debug_macro   0x0000000000000f7b       0x6a _build/nrf52832_xxaa/main.c.o
 .debug_macro   0x0000000000000fe5      0x1df _build/nrf52832_xxaa/main.c.o
 .debug_macro   0x00000000000011c4      0x586 _build/nrf52832_xxaa/main.c.o
 .debug_macro   0x000000000000174a      0x16d _build/nrf52832_xxaa/main.c.o
 .debug_macro   0x00000000000018b7       0x22 _build/nrf52832_xxaa/main.c.o
 .debug_macro   0x00000000000018d9       0x2d _build/nrf52832_xxaa/main.c.o
 .debug_macro   0x0000000000001906       0x3b _build/nrf52832_xxaa/main.c.o
 .debug_macro   0x0000000000001941       0x50 _build/nrf52832_xxaa/main.c.o
 .debug_macro   0x0000000000001991      0xe66 _build/nrf52832_xxaa/main.c.o
 .debug_macro   0x00000000000027f7      0x392 _build/nrf52832_xxaa/main.c.o
 .debug_macro   0x0000000000002b89     0xccbe _build/nrf52832_xxaa/main.c.o
 .debug_macro   0x000000000000f847     0x1313 _build/nrf52832_xxaa/main.c.o
 .debug_macro   0x0000000000010b5a       0x82 _build/nrf52832_xxaa/main.c.o
 .debug_macro   0x0000000000010bdc       0x22 _build/nrf52832_xxaa/main.c.o
 .debug_macro   0x0000000000010bfe      0x3a3 _build/nrf52832_xxaa/main.c.o
 .debug_macro   0x0000000000010fa1       0x36 _build/nrf52832_xxaa/main.c.o
 .debug_macro   0x0000000000010fd7       0x1f _build/nrf52832_xxaa/main.c.o
 .debug_macro   0x0000000000010ff6      0x125 _build/nrf52832_xxaa/main.c.o
 .debug_macro   0x000000000001111b       0x16 _build/nrf52832_xxaa/main.c.o
 .debug_macro   0x0000000000011131      0x16d _build/nrf52832_xxaa/main.c.o
 .debug_macro   0x000000000001129e      0x4e4 _build/nrf52832_xxaa/main.c.o
 .debug_macro   0x0000000000011782       0x3f _build/nrf52832_xxaa/main.c.o
 .debug_macro   0x00000000000117c1       0x58 _build/nrf52832_xxaa/main.c.o
 .debug_macro   0x0000000000011819       0x17 _build/nrf52832_xxaa/main.c.o
 .debug_macro   0x0000000000011830       0x35 _build/nrf52832_xxaa/main.c.o
 .debug_macro   0x0000000000011865       0x9c _build/nrf52832_xxaa/main.c.o
 .debug_macro   0x0000000000011901       0x16 _build/nrf52832_xxaa/main.c.o
 .debug_macro   0x0000000000011917       0x35 _build/nrf52832_xxaa/main.c.o
 .debug_macro   0x000000000001194c      0x353 _build/nrf52832_xxaa/main.c.o
 .debug_macro   0x0000000000011c9f       0x10 _build/nrf52832_xxaa/main.c.o
 .debug_macro   0x0000000000011caf       0x58 _build/nrf52832_xxaa/main.c.o
 .debug_macro   0x0000000000011d07       0x1f _build/nrf52832_xxaa/main.c.o
 .debug_macro   0x0000000000011d26       0x43 _build/nrf52832_xxaa/main.c.o
 .debug_macro   0x0000000000011d69       0x20 _build/nrf52832_xxaa/main.c.o
 .debug_macro   0x0000000000011d89      0x18e _build/nrf52832_xxaa/main.c.o
 .debug_macro   0x0000000000011f17       0x10 _build/nrf52832_xxaa/main.c.o
 .debug_macro   0x0000000000011f27       0xb6 _build/nrf52832_xxaa/main.c.o
 .debug_macro   0x0000000000011fdd       0x16 _build/nrf52832_xxaa/main.c.o
 .debug_macro   0x0000000000011ff3      0x129 _build/nrf52832_xxaa/main.c.o
 .debug_macro   0x000000000001211c       0x8e _build/nrf52832_xxaa/main.c.o
 .debug_macro   0x00000000000121aa       0xa7 _build/nrf52832_xxaa/main.c.o
 .debug_macro   0x0000000000012251       0x49 _build/nrf52832_xxaa/main.c.o
 .debug_macro   0x000000000001229a       0x8c _build/nrf52832_xxaa/main.c.o
 .debug_macro   0x0000000000012326       0x19 _build/nrf52832_xxaa/main.c.o
 .debug_macro   0x000000000001233f       0x16 _build/nrf52832_xxaa/main.c.o
 .debug_macro   0x0000000000012355       0x7b _build/nrf52832_xxaa/main.c.o
 .debug_macro   0x00000000000123d0       0x64 _build/nrf52832_xxaa/main.c.o
 .debug_macro   0x0000000000012434       0x20 _build/nrf52832_xxaa/main.c.o
 .debug_macro   0x0000000000012454       0x1c _build/nrf52832_xxaa/main.c.o
 .debug_macro   0x0000000000012470      0x25a _build/nrf52832_xxaa/main.c.o
 .debug_macro   0x00000000000126ca      0x16d _build/nrf52832_xxaa/main.c.o
 .debug_macro   0x0000000000012837      0x326 _build/nrf52832_xxaa/boards.c.o
 .debug_macro   0x0000000000012b5d       0x16 _build/nrf52832_xxaa/boards.c.o
 .debug_macro   0x0000000000012b73       0xf1 _build/nrf52832_xxaa/system_nrf52.c.o

.debug_frame    0x0000000000000000      0x1f4
 .debug_frame   0x0000000000000000       0x2c _build/nrf52832_xxaa/main.c.o
 .debug_frame   0x000000000000002c       0xf4 _build/nrf52832_xxaa/boards.c.o
 .debug_frame   0x0000000000000120       0x40 _build/nrf52832_xxaa/system_nrf52.c.o
 .debug_frame   0x0000000000000160       0x28 /usr/local/gcc-arm-none-eabi-7-2017-q4-major/bin/../lib/gcc/arm-none-eabi/7.2.1/../../../../arm-none-eabi/lib/thumb/v7e-m/fpv4-sp/hard/libc_nano.a(lib_a-exit.o)
 .debug_frame   0x0000000000000188       0x2c /usr/local/gcc-arm-none-eabi-7-2017-q4-major/bin/../lib/gcc/arm-none-eabi/7.2.1/../../../../arm-none-eabi/lib/thumb/v7e-m/fpv4-sp/hard/libc_nano.a(lib_a-init.o)
 .debug_frame   0x00000000000001b4       0x20 /usr/local/gcc-arm-none-eabi-7-2017-q4-major/bin/../lib/gcc/arm-none-eabi/7.2.1/../../../../arm-none-eabi/lib/thumb/v7e-m/fpv4-sp/hard/libc_nano.a(lib_a-memset.o)
 .debug_frame   0x00000000000001d4       0x20 /usr/local/gcc-arm-none-eabi-7-2017-q4-major/bin/../lib/gcc/arm-none-eabi/7.2.1/../../../../arm-none-eabi/lib/thumb/v7e-m/fpv4-sp/hard/libnosys.a(_exit.o)
