Archive member included to satisfy reference by file (symbol)

/usr/local/gcc-arm-none-eabi-7-2017-q4-major/bin/../lib/gcc/arm-none-eabi/7.2.1/../../../../arm-none-eabi/lib/thumb/v7e-m/fpv4-sp/hard/libc_nano.a(lib_a-exit.o)
                              /usr/local/gcc-arm-none-eabi-7-2017-q4-major/bin/../lib/gcc/arm-none-eabi/7.2.1/../../../../arm-none-eabi/lib/thumb/v7e-m/fpv4-sp/hard/crt0.o (exit)
/usr/local/gcc-arm-none-eabi-7-2017-q4-major/bin/../lib/gcc/arm-none-eabi/7.2.1/../../../../arm-none-eabi/lib/thumb/v7e-m/fpv4-sp/hard/libc_nano.a(lib_a-impure.o)
                              /usr/local/gcc-arm-none-eabi-7-2017-q4-major/bin/../lib/gcc/arm-none-eabi/7.2.1/../../../../arm-none-eabi/lib/thumb/v7e-m/fpv4-sp/hard/libc_nano.a(lib_a-exit.o) (_global_impure_ptr)
/usr/local/gcc-arm-none-eabi-7-2017-q4-major/bin/../lib/gcc/arm-none-eabi/7.2.1/../../../../arm-none-eabi/lib/thumb/v7e-m/fpv4-sp/hard/libc_nano.a(lib_a-init.o)
                              /usr/local/gcc-arm-none-eabi-7-2017-q4-major/bin/../lib/gcc/arm-none-eabi/7.2.1/../../../../arm-none-eabi/lib/thumb/v7e-m/fpv4-sp/hard/crt0.o (__libc_init_array)
/usr/local/gcc-arm-none-eabi-7-2017-q4-major/bin/../lib/gcc/arm-none-eabi/7.2.1/../../../../arm-none-eabi/lib/thumb/v7e-m/fpv4-sp/hard/libc_nano.a(lib_a-locale.o)
                              _build/nrf52832_xxaa/nrf_log_str_formatter.c.o (__locale_ctype_ptr)
/usr/local/gcc-arm-none-eabi-7-2017-q4-major/bin/../lib/gcc/arm-none-eabi/7.2.1/../../../../arm-none-eabi/lib/thumb/v7e-m/fpv4-sp/hard/libc_nano.a(lib_a-mbtowc_r.o)
                              /usr/local/gcc-arm-none-eabi-7-2017-q4-major/bin/../lib/gcc/arm-none-eabi/7.2.1/../../../../arm-none-eabi/lib/thumb/v7e-m/fpv4-sp/hard/libc_nano.a(lib_a-locale.o) (__ascii_mbtowc)
/usr/local/gcc-arm-none-eabi-7-2017-q4-major/bin/../lib/gcc/arm-none-eabi/7.2.1/../../../../arm-none-eabi/lib/thumb/v7e-m/fpv4-sp/hard/libc_nano.a(lib_a-memcpy-stub.o)
                              _build/nrf52832_xxaa/nrf_log_frontend.c.o (memcpy)
/usr/local/gcc-arm-none-eabi-7-2017-q4-major/bin/../lib/gcc/arm-none-eabi/7.2.1/../../../../arm-none-eabi/lib/thumb/v7e-m/fpv4-sp/hard/libc_nano.a(lib_a-memset.o)
                              /usr/local/gcc-arm-none-eabi-7-2017-q4-major/bin/../lib/gcc/arm-none-eabi/7.2.1/../../../../arm-none-eabi/lib/thumb/v7e-m/fpv4-sp/hard/crt0.o (memset)
/usr/local/gcc-arm-none-eabi-7-2017-q4-major/bin/../lib/gcc/arm-none-eabi/7.2.1/../../../../arm-none-eabi/lib/thumb/v7e-m/fpv4-sp/hard/libc_nano.a(lib_a-strcmp.o)
                              /usr/local/gcc-arm-none-eabi-7-2017-q4-major/bin/../lib/gcc/arm-none-eabi/7.2.1/../../../../arm-none-eabi/lib/thumb/v7e-m/fpv4-sp/hard/libc_nano.a(lib_a-locale.o) (strcmp)
/usr/local/gcc-arm-none-eabi-7-2017-q4-major/bin/../lib/gcc/arm-none-eabi/7.2.1/../../../../arm-none-eabi/lib/thumb/v7e-m/fpv4-sp/hard/libc_nano.a(lib_a-strcpy.o)
                              _build/nrf52832_xxaa/SEGGER_RTT.c.o (strcpy)
/usr/local/gcc-arm-none-eabi-7-2017-q4-major/bin/../lib/gcc/arm-none-eabi/7.2.1/../../../../arm-none-eabi/lib/thumb/v7e-m/fpv4-sp/hard/libc_nano.a(lib_a-strlen.o)
                              _build/nrf52832_xxaa/nrf_log_frontend.c.o (strlen)
/usr/local/gcc-arm-none-eabi-7-2017-q4-major/bin/../lib/gcc/arm-none-eabi/7.2.1/../../../../arm-none-eabi/lib/thumb/v7e-m/fpv4-sp/hard/libc_nano.a(lib_a-wctomb_r.o)
                              /usr/local/gcc-arm-none-eabi-7-2017-q4-major/bin/../lib/gcc/arm-none-eabi/7.2.1/../../../../arm-none-eabi/lib/thumb/v7e-m/fpv4-sp/hard/libc_nano.a(lib_a-locale.o) (__ascii_wctomb)
/usr/local/gcc-arm-none-eabi-7-2017-q4-major/bin/../lib/gcc/arm-none-eabi/7.2.1/../../../../arm-none-eabi/lib/thumb/v7e-m/fpv4-sp/hard/libc_nano.a(lib_a-ctype_.o)
                              /usr/local/gcc-arm-none-eabi-7-2017-q4-major/bin/../lib/gcc/arm-none-eabi/7.2.1/../../../../arm-none-eabi/lib/thumb/v7e-m/fpv4-sp/hard/libc_nano.a(lib_a-locale.o) (_ctype_)
/usr/local/gcc-arm-none-eabi-7-2017-q4-major/bin/../lib/gcc/arm-none-eabi/7.2.1/../../../../arm-none-eabi/lib/thumb/v7e-m/fpv4-sp/hard/libnosys.a(_exit.o)
                              /usr/local/gcc-arm-none-eabi-7-2017-q4-major/bin/../lib/gcc/arm-none-eabi/7.2.1/../../../../arm-none-eabi/lib/thumb/v7e-m/fpv4-sp/hard/libc_nano.a(lib_a-exit.o) (_exit)
/usr/local/gcc-arm-none-eabi-7-2017-q4-major/bin/../lib/gcc/arm-none-eabi/7.2.1/thumb/v7e-m/fpv4-sp/hard/libgcc.a(_aeabi_ldivmod.o)
                              _build/nrf52832_xxaa/nrf_serial.c.o (__aeabi_ldivmod)
/usr/local/gcc-arm-none-eabi-7-2017-q4-major/bin/../lib/gcc/arm-none-eabi/7.2.1/thumb/v7e-m/fpv4-sp/hard/libgcc.a(_aeabi_uldivmod.o)
                              _build/nrf52832_xxaa/nrf_serial.c.o (__aeabi_uldivmod)
/usr/local/gcc-arm-none-eabi-7-2017-q4-major/bin/../lib/gcc/arm-none-eabi/7.2.1/thumb/v7e-m/fpv4-sp/hard/libgcc.a(_udivmoddi4.o)
[...]
Memory Configuration

Name             Origin             Length             Attributes
FLASH            0x0000000000000000 0x0000000000080000 xr
RAM              0x0000000020000000 0x0000000000010000 xrw
*default*        0x0000000000000000 0xffffffffffffffff

Linker script and memory map


.text           0x0000000000000000     0x3a10
 *(.isr_vector)
 .isr_vector    0x0000000000000000      0x200 _build/nrf52832_xxaa/gcc_startup_nrf52.S.o
                0x0000000000000000                __isr_vector
 *(.text*)
 .text          0x0000000000000200       0x40 /usr/local/gcc-arm-none-eabi-7-2017-q4-major/bin/../lib/gcc/arm-none-eabi/7.2.1/thumb/v7e-m/fpv4-sp/hard/crtbegin.o
 .text          0x0000000000000240       0x74 /usr/local/gcc-arm-none-eabi-7-2017-q4-major/bin/../lib/gcc/arm-none-eabi/7.2.1/../../../../arm-none-eabi/lib/thumb/v7e-m/fpv4-sp/hard/crt0.o
                0x0000000000000240                _mainCRTStartup
                0x0000000000000240                _start
 .text          0x00000000000002b4       0x3c _build/nrf52832_xxaa/gcc_startup_nrf52.S.o
                0x00000000000002b4                Reset_Handler
                0x00000000000002dc                NMI_Handler
                0x00000000000002de                HardFault_Handler
                0x00000000000002e0                MemoryManagement_Handler
                0x00000000000002e2                BusFault_Handler
                0x00000000000002e4                UsageFault_Handler
                0x00000000000002e6                SVC_Handler
                0x00000000000002e8                DebugMon_Handler
                0x00000000000002ea                PendSV_Handler
                0x00000000000002ec                SysTick_Handler
                0x00000000000002ee                TIMER4_IRQHandler
                0x00000000000002ee                I2S_IRQHandler
                0x00000000000002ee                SWI4_EGU4_IRQHandler
                0x00000000000002ee                TIMER0_IRQHandler
                0x00000000000002ee                TIMER1_IRQHandler
                0x00000000000002ee                PWM2_IRQHandler
                0x00000000000002ee                ECB_IRQHandler
                0x00000000000002ee                Default_Handler
                0x00000000000002ee                SAADC_IRQHandler
                0x00000000000002ee                CCM_AAR_IRQHandler
                0x00000000000002ee                WDT_IRQHandler
                0x00000000000002ee                SWI5_EGU5_IRQHandler
                0x00000000000002ee                RNG_IRQHandler
                0x00000000000002ee                RTC2_IRQHandler
                0x00000000000002ee                PWM0_IRQHandler
                0x00000000000002ee                SWI3_EGU3_IRQHandler
                0x00000000000002ee                SWI1_EGU1_IRQHandler
                0x00000000000002ee                SPIM2_SPIS2_SPI2_IRQHandler
                0x00000000000002ee                NFCT_IRQHandler
                0x00000000000002ee                MWU_IRQHandler
                0x00000000000002ee                TIMER2_IRQHandler
                0x00000000000002ee                COMP_LPCOMP_IRQHandler
                0x00000000000002ee                RTC0_IRQHandler
                0x00000000000002ee                SWI2_EGU2_IRQHandler
                0x00000000000002ee                PWM1_IRQHandler
                0x00000000000002ee                RADIO_IRQHandler
                0x00000000000002ee                PDM_IRQHandler
                0x00000000000002ee                TEMP_IRQHandler
                0x00000000000002ee                QDEC_IRQHandler
                0x00000000000002ee                TIMER3_IRQHandler
                0x00000000000002ee                FPU_IRQHandler
 .text.log_skip
                0x00000000000002f0       0xd0 _build/nrf52832_xxaa/nrf_log_frontend.c.o
 .text.nrf_log_frontend_std_0
                0x00000000000003c0       0xe4 _build/nrf52832_xxaa/nrf_log_frontend.c.o
                0x00000000000003c0                nrf_log_frontend_std_0
 .text.nrf_log_frontend_dequeue.part.6
                0x00000000000004a4      0x250 _build/nrf52832_xxaa/nrf_log_frontend.c.o
 .text.nrf_log_frontend_dequeue
                0x00000000000006f4       0x18 _build/nrf52832_xxaa/nrf_log_frontend.c.o
                0x00000000000006f4                nrf_log_frontend_dequeue
 .text.nrf_log_panic
                0x000000000000070c       0x28 _build/nrf52832_xxaa/nrf_log_frontend.c.o
                0x000000000000070c                nrf_log_panic
 .text.app_error_handler_bare
                0x0000000000000734       0x20 _build/nrf52832_xxaa/app_error.c.o
                0x0000000000000734                app_error_handler_bare
 .text.app_error_fault_handler
                0x0000000000000754       0x6c _build/nrf52832_xxaa/app_error_weak.c.o
                0x0000000000000754                app_error_fault_handler
 .text.RTC1_IRQHandler
                0x00000000000007c0       0xa0 _build/nrf52832_xxaa/app_timer.c.o
                0x00000000000007c0                RTC1_IRQHandler
 .text.SWI0_EGU0_IRQHandler
                0x0000000000000860      0x394 _build/nrf52832_xxaa/app_timer.c.o
                0x0000000000000860                SWI0_EGU0_IRQHandler
 .text.app_timer_init
                0x0000000000000bf4       0xa8 _build/nrf52832_xxaa/app_timer.c.o
                0x0000000000000bf4                app_timer_init
 .text.app_timer_create
                0x0000000000000c9c       0x24 _build/nrf52832_xxaa/app_timer.c.o
                0x0000000000000c9c                app_timer_create
 .text.app_timer_start
                0x0000000000000cc0       0x9c _build/nrf52832_xxaa/app_timer.c.o
                0x0000000000000cc0                app_timer_start
 .text.app_timer_stop
                0x0000000000000d5c       0x68 _build/nrf52832_xxaa/app_timer.c.o
                0x0000000000000d5c                app_timer_stop
 .text.app_util_critical_region_enter
                0x0000000000000dc4       0x10 _build/nrf52832_xxaa/app_util_platform.c.o
                0x0000000000000dc4                app_util_critical_region_enter
 .text.app_util_critical_region_exit
                0x0000000000000dd4       0x14 _build/nrf52832_xxaa/app_util_platform.c.o
                0x0000000000000dd4                app_util_critical_region_exit
 .text.nrf_atomic_u32_fetch_store
                0x0000000000000de8       0x14 _build/nrf52832_xxaa/nrf_atomic.c.o
                0x0000000000000de8                nrf_atomic_u32_fetch_store
 .text.nrf_atomic_u32_add
                0x0000000000000dfc       0x18 _build/nrf52832_xxaa/nrf_atomic.c.o
                0x0000000000000dfc                nrf_atomic_u32_add
 .text.nrf_atomic_u32_sub
                0x0000000000000e14       0x18 _build/nrf52832_xxaa/nrf_atomic.c.o
                0x0000000000000e14                nrf_atomic_u32_sub
 .text.nrf_atomic_flag_set
                0x0000000000000e2c       0x18 _build/nrf52832_xxaa/nrf_atomic.c.o
                0x0000000000000e2c                nrf_atomic_flag_set
 .text.nrf_atomic_flag_clear_fetch
                0x0000000000000e44       0x18 _build/nrf52832_xxaa/nrf_atomic.c.o
                0x0000000000000e44                nrf_atomic_flag_clear_fetch
 .text.nrf_queue_in
                0x0000000000000e5c      0x118 _build/nrf52832_xxaa/nrf_queue.c.o
                0x0000000000000e5c                nrf_queue_in
 .text.nrf_queue_out
                0x0000000000000f74       0x98 _build/nrf52832_xxaa/nrf_queue.c.o
                0x0000000000000f74                nrf_queue_out
 .text.nrf_queue_reset
                0x000000000000100c       0x20 _build/nrf52832_xxaa/nrf_queue.c.o
                0x000000000000100c                nrf_queue_reset
 .text.nrf_queue_is_empty
                0x000000000000102c       0x10 _build/nrf52832_xxaa/nrf_queue.c.o
                0x000000000000102c                nrf_queue_is_empty
 .text.serial_timeout_handler
                0x000000000000103c        0x8 _build/nrf52832_xxaa/nrf_serial.c.o
 .text.uart_event_handler
                0x0000000000001044       0xcc _build/nrf52832_xxaa/nrf_serial.c.o
 .text.nrf_serial_init
                0x0000000000001110       0xf0 _build/nrf52832_xxaa/nrf_serial.c.o
                0x0000000000001110                nrf_serial_init
 .text.nrf_serial_write
                0x0000000000001200      0x1e0 _build/nrf52832_xxaa/nrf_serial.c.o
                0x0000000000001200                nrf_serial_write
 .text.nrf_serial_flush
                0x00000000000013e0      0x128 _build/nrf52832_xxaa/nrf_serial.c.o
                0x00000000000013e0                nrf_serial_flush
 .text.nrf_balloc_alloc
                0x0000000000001508       0x44 _build/nrf52832_xxaa/nrf_balloc.c.o
                0x0000000000001508                nrf_balloc_alloc
 .text.nrf_balloc_free
                0x000000000000154c       0x2c _build/nrf52832_xxaa/nrf_balloc.c.o
                0x000000000000154c                nrf_balloc_free
 .text.nrf_memobj_alloc
                0x0000000000001578       0x84 _build/nrf52832_xxaa/nrf_memobj.c.o
                0x0000000000001578                nrf_memobj_alloc
 .text.nrf_memobj_get
                0x00000000000015fc        0x8 _build/nrf52832_xxaa/nrf_memobj.c.o
                0x00000000000015fc                nrf_memobj_get
 .text.nrf_memobj_put
                0x0000000000001604       0x44 _build/nrf52832_xxaa/nrf_memobj.c.o
                0x0000000000001604                nrf_memobj_put
 .text.nrf_memobj_write
                0x0000000000001648       0x5c _build/nrf52832_xxaa/nrf_memobj.c.o
                0x0000000000001648                nrf_memobj_write
 .text.clock_irq_handler
                0x00000000000016a4       0x44 _build/nrf52832_xxaa/nrf_drv_clock.c.o
 .text.nrf_drv_clock_init
                0x00000000000016e8       0x34 _build/nrf52832_xxaa/nrf_drv_clock.c.o
                0x00000000000016e8                nrf_drv_clock_init
 .text.nrf_drv_clock_lfclk_request
                0x000000000000171c       0x5c _build/nrf52832_xxaa/nrf_drv_clock.c.o
                0x000000000000171c                nrf_drv_clock_lfclk_request
 .text.nrf_drv_power_init
                0x0000000000001778       0x20 _build/nrf52832_xxaa/nrf_drv_power.c.o
                0x0000000000001778                nrf_drv_power_init
 .text.spim_evt_handler
                0x0000000000001798       0x3c _build/nrf52832_xxaa/nrf_drv_spi.c.o
 .text.nrf_drv_spi_init
                0x00000000000017d4       0x94 _build/nrf52832_xxaa/nrf_drv_spi.c.o
                0x00000000000017d4                nrf_drv_spi_init
 .text.uarte_evt_handler
                0x0000000000001868       0x34 _build/nrf52832_xxaa/nrf_drv_uart.c.o
 .text.uart_evt_handler
                0x000000000000189c       0x34 _build/nrf52832_xxaa/nrf_drv_uart.c.o
 .text.nrf_drv_uart_init
                0x00000000000018d0       0x80 _build/nrf52832_xxaa/nrf_drv_uart.c.o
                0x00000000000018d0                nrf_drv_uart_init
 .text.nrfx_clock_init
                0x0000000000001950       0x1c _build/nrf52832_xxaa/nrfx_clock.c.o
                0x0000000000001950                nrfx_clock_init
 .text.nrfx_clock_enable
                0x000000000000196c       0x30 _build/nrf52832_xxaa/nrfx_clock.c.o
                0x000000000000196c                nrfx_clock_enable
 .text.nrfx_clock_lfclk_start
                0x000000000000199c       0x60 _build/nrf52832_xxaa/nrfx_clock.c.o
                0x000000000000199c                nrfx_clock_lfclk_start
 .text.nrfx_clock_irq_handler
                0x00000000000019fc       0x64 _build/nrf52832_xxaa/nrfx_clock.c.o
                0x00000000000019fc                nrfx_clock_irq_handler
 .text.GPIOTE_IRQHandler
                0x0000000000001a60      0x548 _build/nrf52832_xxaa/nrfx_gpiote.c.o
                0x0000000000001a60                GPIOTE_IRQHandler
 .text.nrfx_power_init
                0x0000000000001fa8       0x40 _build/nrf52832_xxaa/nrfx_power.c.o
                0x0000000000001fa8                nrfx_power_init
 .text.nrfx_power_irq_handler
                0x0000000000001fe8       0x68 _build/nrf52832_xxaa/nrfx_power.c.o
                0x0000000000001fe8                nrfx_power_irq_handler
 .text.POWER_CLOCK_IRQHandler
                0x0000000000002050       0x10 _build/nrf52832_xxaa/nrfx_power_clock.c.o
                0x0000000000002050                POWER_CLOCK_IRQHandler
 .text.UARTE0_UART0_IRQHandler
                0x0000000000002060        0xc _build/nrf52832_xxaa/nrfx_prs.c.o
                0x0000000000002060                UARTE0_UART0_IRQHandler
 .text.nrfx_prs_acquire
                0x000000000000206c       0x3c _build/nrf52832_xxaa/nrfx_prs.c.o
                0x000000000000206c                nrfx_prs_acquire
 .text.SPIM0_SPIS0_TWIM0_TWIS0_SPI0_TWI0_IRQHandler
                0x00000000000020a8       0x58 _build/nrf52832_xxaa/nrfx_spim.c.o
                0x00000000000020a8                SPIM0_SPIS0_TWIM0_TWIS0_SPI0_TWI0_IRQHandler
 .text.SPIM1_SPIS1_TWIM1_TWIS1_SPI1_TWI1_IRQHandler
                0x0000000000002100       0x5c _build/nrf52832_xxaa/nrfx_spim.c.o
                0x0000000000002100                SPIM1_SPIS1_TWIM1_TWIS1_SPI1_TWI1_IRQHandler
 .text.nrfx_spim_init
                0x000000000000215c      0x218 _build/nrf52832_xxaa/nrfx_spim.c.o
                0x000000000000215c                nrfx_spim_init
 .text.nrfx_spim_xfer
                0x0000000000002374      0x158 _build/nrf52832_xxaa/nrfx_spim.c.o
                0x0000000000002374                nrfx_spim_xfer
 .text.nrfx_uart_0_irq_handler
                0x00000000000024cc      0x1bc _build/nrf52832_xxaa/nrfx_uart.c.o
                0x00000000000024cc                nrfx_uart_0_irq_handler
 .text.nrfx_uart_init
                0x0000000000002688      0x1a4 _build/nrf52832_xxaa/nrfx_uart.c.o
                0x0000000000002688                nrfx_uart_init
 .text.nrfx_uart_tx
                0x000000000000282c       0xcc _build/nrf52832_xxaa/nrfx_uart.c.o
                0x000000000000282c                nrfx_uart_tx
 .text.nrfx_uart_tx_in_progress
                0x00000000000028f8       0x18 _build/nrf52832_xxaa/nrfx_uart.c.o
                0x00000000000028f8                nrfx_uart_tx_in_progress
 .text.nrfx_uart_rx
                0x0000000000002910      0x14c _build/nrf52832_xxaa/nrfx_uart.c.o
                0x0000000000002910                nrfx_uart_rx
 .text.nrfx_uart_rx_enable
                0x0000000000002a5c       0x4c _build/nrf52832_xxaa/nrfx_uart.c.o
                0x0000000000002a5c                nrfx_uart_rx_enable
 .text.nrfx_uarte_0_irq_handler
                0x0000000000002aa8      0x128 _build/nrf52832_xxaa/nrfx_uarte.c.o
                0x0000000000002aa8                nrfx_uarte_0_irq_handler
 .text.nrfx_uarte_init
                0x0000000000002bd0      0x1c4 _build/nrf52832_xxaa/nrfx_uarte.c.o
                0x0000000000002bd0                nrfx_uarte_init
 .text.nrfx_uarte_tx
                0x0000000000002d94       0xa0 _build/nrf52832_xxaa/nrfx_uarte.c.o
                0x0000000000002d94                nrfx_uarte_tx
 .text.nrfx_uarte_tx_in_progress
                0x0000000000002e34       0x1c _build/nrf52832_xxaa/nrfx_uarte.c.o
                0x0000000000002e34                nrfx_uarte_tx_in_progress
 .text.nrfx_uarte_rx
                0x0000000000002e50      0x12c _build/nrf52832_xxaa/nrfx_uarte.c.o
                0x0000000000002e50                nrfx_uarte_rx
 .text.spi_event_handler
                0x0000000000002f7c        0xc _build/nrf52832_xxaa/main.c.o
                0x0000000000002f7c                spi_event_handler
 .text.sleep_handler
                0x0000000000002f88        0x8 _build/nrf52832_xxaa/main.c.o
 .text.serial_initialize
                0x0000000000002f90       0x50 _build/nrf52832_xxaa/main.c.o
                0x0000000000002f90                serial_initialize
 .text.startup.main
                0x0000000000002fe0      0x140 _build/nrf52832_xxaa/main.c.o
                0x0000000000002fe0                main
 .text.SystemInit
                0x0000000000003120      0x3c0 _build/nrf52832_xxaa/system_nrf52.c.o
                0x0000000000003120                SystemInit
 .text.exit     0x00000000000034e0       0x28 /usr/local/gcc-arm-none-eabi-7-2017-q4-major/bin/../lib/gcc/arm-none-eabi/7.2.1/../../../../arm-none-eabi/lib/thumb/v7e-m/fpv4-sp/hard/libc_nano.a(lib_a-exit.o)
                0x00000000000034e0                exit
 .text.__libc_init_array
                0x0000000000003508       0x48 /usr/local/gcc-arm-none-eabi-7-2017-q4-major/bin/../lib/gcc/arm-none-eabi/7.2.1/../../../../arm-none-eabi/lib/thumb/v7e-m/fpv4-sp/hard/libc_nano.a(lib_a-init.o)
                0x0000000000003508                __libc_init_array
 .text.memcpy   0x0000000000003550       0x16 /usr/local/gcc-arm-none-eabi-7-2017-q4-major/bin/../lib/gcc/arm-none-eabi/7.2.1/../../../../arm-none-eabi/lib/thumb/v7e-m/fpv4-sp/hard/libc_nano.a(lib_a-memcpy-stub.o)
                0x0000000000003550                memcpy
 .text.memset   0x0000000000003566       0x10 /usr/local/gcc-arm-none-eabi-7-2017-q4-major/bin/../lib/gcc/arm-none-eabi/7.2.1/../../../../arm-none-eabi/lib/thumb/v7e-m/fpv4-sp/hard/libc_nano.a(lib_a-memset.o)
                0x0000000000003566                memset
 *fill*         0x0000000000003576        0x2 
 .text._exit    0x0000000000003578        0x4 /usr/local/gcc-arm-none-eabi-7-2017-q4-major/bin/../lib/gcc/arm-none-eabi/7.2.1/../../../../arm-none-eabi/lib/thumb/v7e-m/fpv4-sp/hard/libnosys.a(_exit.o)
                0x0000000000003578                _exit
 .text          0x000000000000357c       0x30 /usr/local/gcc-arm-none-eabi-7-2017-q4-major/bin/../lib/gcc/arm-none-eabi/7.2.1/thumb/v7e-m/fpv4-sp/hard/libgcc.a(_aeabi_uldivmod.o)
                0x000000000000357c                __aeabi_uldivmod
 .text          0x00000000000035ac      0x2cc /usr/local/gcc-arm-none-eabi-7-2017-q4-major/bin/../lib/gcc/arm-none-eabi/7.2.1/thumb/v7e-m/fpv4-sp/hard/libgcc.a(_udivmoddi4.o)
                0x00000000000035ac                __udivmoddi4
 .text          0x0000000000003878        0x4 /usr/local/gcc-arm-none-eabi-7-2017-q4-major/bin/../lib/gcc/arm-none-eabi/7.2.1/thumb/v7e-m/fpv4-sp/hard/libgcc.a(_dvmd_tls.o)
                0x0000000000003878                __aeabi_ldiv0
                0x0000000000003878                __aeabi_idiv0
 *(.init)
 .init          0x000000000000387c        0x4 /usr/local/gcc-arm-none-eabi-7-2017-q4-major/bin/../lib/gcc/arm-none-eabi/7.2.1/thumb/v7e-m/fpv4-sp/hard/crti.o
                0x000000000000387c                _init
 .init          0x0000000000003880        0x8 /usr/local/gcc-arm-none-eabi-7-2017-q4-major/bin/../lib/gcc/arm-none-eabi/7.2.1/thumb/v7e-m/fpv4-sp/hard/crtn.o
 *(.fini)
 .fini          0x0000000000003888        0x4 /usr/local/gcc-arm-none-eabi-7-2017-q4-major/bin/../lib/gcc/arm-none-eabi/7.2.1/thumb/v7e-m/fpv4-sp/hard/crti.o
                0x0000000000003888                _fini
 .fini          0x000000000000388c        0x8 /usr/local/gcc-arm-none-eabi-7-2017-q4-major/bin/../lib/gcc/arm-none-eabi/7.2.1/thumb/v7e-m/fpv4-sp/hard/crtn.o
 *crtbegin.o(.ctors)
 *crtbegin?.o(.ctors)
 *(EXCLUDE_FILE(*crtend.o *crtend?.o) .ctors)
 *(SORT_BY_NAME(.ctors.*))
 *(.ctors)
 *crtbegin.o(.dtors)
 *crtbegin?.o(.dtors)
 *(EXCLUDE_FILE(*crtend.o *crtend?.o) .dtors)
 *(SORT_BY_NAME(.dtors.*))
 *(.dtors)
 *(.rodata*)
 .rodata.nrf_log_frontend_dequeue.part.6.str1.4
                0x0000000000003894       0x11 _build/nrf52832_xxaa/nrf_log_frontend.c.o
 *fill*         0x00000000000038a5        0x3 
 .rodata.str1.4
                0x00000000000038a8       0x17 _build/nrf52832_xxaa/nrf_log_frontend.c.o
 *fill*         0x00000000000038bf        0x1 
 .rodata.app_error_fault_handler.str1.4
                0x00000000000038c0       0x19 _build/nrf52832_xxaa/app_error_weak.c.o
 *fill*         0x00000000000038d9        0x7 
 .rodata.delay_bytecode.8310
                0x00000000000038e0        0x6 _build/nrf52832_xxaa/app_timer.c.o
 *fill*         0x00000000000038e6        0x2 
 .rodata.str1.4
                0x00000000000038e8        0x6 _build/nrf52832_xxaa/nrf_drv_clock.c.o
 *fill*         0x00000000000038ee        0x2 
 .rodata.m_drv_power_config_default
                0x00000000000038f0        0x1 _build/nrf52832_xxaa/nrf_drv_power.c.o
 *fill*         0x00000000000038f1        0x3 
 .rodata        0x00000000000038f4       0x10 _build/nrf52832_xxaa/nrf_drv_spi.c.o
 .rodata.str1.4
                0x0000000000003904        0x6 _build/nrf52832_xxaa/nrfx_clock.c.o
 *fill*         0x000000000000390a        0x2 
 .rodata.str1.4
                0x000000000000390c        0x7 _build/nrf52832_xxaa/nrfx_gpiote.c.o
 *fill*         0x0000000000003913        0x1 
 .rodata.str1.4
                0x0000000000003914        0x4 _build/nrf52832_xxaa/nrfx_prs.c.o
 .rodata.irq_handlers.8700
                0x0000000000003918        0x8 _build/nrf52832_xxaa/nrfx_spim.c.o
 .rodata.str1.4
                0x0000000000003920        0x5 _build/nrf52832_xxaa/nrfx_spim.c.o
 *fill*         0x0000000000003925        0x3 
 .rodata.str1.4
                0x0000000000003928        0x5 _build/nrf52832_xxaa/nrfx_uart.c.o
 *fill*         0x000000000000392d        0x3 
 .rodata.str1.4
                0x0000000000003930        0x6 _build/nrf52832_xxaa/nrfx_uarte.c.o
 *fill*         0x0000000000003936        0x2 
 .rodata        0x0000000000003938       0x10 _build/nrf52832_xxaa/main.c.o
 *fill*         0x0000000000003948        0x8 
 .rodata.delay_bytecode.7908
                0x0000000000003950        0x6 _build/nrf52832_xxaa/main.c.o
 *fill*         0x0000000000003956        0x2 
 .rodata.m_uart0_drv_config
                0x0000000000003958       0x20 _build/nrf52832_xxaa/main.c.o
 .rodata.serial_buffs
                0x0000000000003978        0xc _build/nrf52832_xxaa/main.c.o
 .rodata.serial_config
                0x0000000000003984       0x14 _build/nrf52832_xxaa/main.c.o
 .rodata.serial_queues
                0x0000000000003998        0x8 _build/nrf52832_xxaa/main.c.o
 .rodata.serial_uart
                0x00000000000039a0       0x20 _build/nrf52832_xxaa/main.c.o
 .rodata.serial_uart_rx_timer
                0x00000000000039c0        0x4 _build/nrf52832_xxaa/main.c.o
 .rodata.serial_uart_tx_timer
                0x00000000000039c4        0x4 _build/nrf52832_xxaa/main.c.o
 .rodata.spi_flash
                0x00000000000039c8       0x10 _build/nrf52832_xxaa/main.c.o
 .rodata.str1.4
                0x00000000000039d8       0x30 _build/nrf52832_xxaa/main.c.o
 .rodata._global_impure_ptr
                0x0000000000003a08        0x4 /usr/local/gcc-arm-none-eabi-7-2017-q4-major/bin/../lib/gcc/arm-none-eabi/7.2.1/../../../../arm-none-eabi/lib/thumb/v7e-m/fpv4-sp/hard/libc_nano.a(lib_a-impure.o)
                0x0000000000003a08                _global_impure_ptr
 *(.eh_frame*)
 .eh_frame      0x0000000000003a0c        0x0 /usr/local/gcc-arm-none-eabi-7-2017-q4-major/bin/../lib/gcc/arm-none-eabi/7.2.1/thumb/v7e-m/fpv4-sp/hard/crtbegin.o
 .eh_frame      0x0000000000003a0c        0x4 /usr/local/gcc-arm-none-eabi-7-2017-q4-major/bin/../lib/gcc/arm-none-eabi/7.2.1/thumb/v7e-m/fpv4-sp/hard/crtend.o

.glue_7         0x0000000000003a10        0x0
 .glue_7        0x0000000000003a10        0x0 linker stubs

.glue_7t        0x0000000000003a10        0x0
 .glue_7t       0x0000000000003a10        0x0 linker stubs

.vfp11_veneer   0x0000000000003a10        0x0
 .vfp11_veneer  0x0000000000003a10        0x0 linker stubs

.v4_bx          0x0000000000003a10        0x0
 .v4_bx         0x0000000000003a10        0x0 linker stubs

.iplt           0x0000000000003a10        0x0
 .iplt          0x0000000000003a10        0x0 /usr/local/gcc-arm-none-eabi-7-2017-q4-major/bin/../lib/gcc/arm-none-eabi/7.2.1/thumb/v7e-m/fpv4-sp/hard/crtbegin.o

.mem_section_dummy_rom

.log_const_data
                0x0000000000003a10       0x58
                0x0000000000003a10                PROVIDE (__start_log_const_data, .)
 *(SORT_BY_NAME(.log_const_data*))
 .log_const_data_CLOCK
                0x0000000000003a10        0x8 _build/nrf52832_xxaa/nrfx_clock.c.o
                0x0000000000003a10                m_nrf_log_CLOCK_logs_data_const
 .log_const_data_GPIOTE
                0x0000000000003a18        0x8 _build/nrf52832_xxaa/nrfx_gpiote.c.o
                0x0000000000003a18                m_nrf_log_GPIOTE_logs_data_const
 .log_const_data_PRS
                0x0000000000003a20        0x8 _build/nrf52832_xxaa/nrfx_prs.c.o
                0x0000000000003a20                m_nrf_log_PRS_logs_data_const
 .log_const_data_SPIM
                0x0000000000003a28        0x8 _build/nrf52832_xxaa/nrfx_spim.c.o
                0x0000000000003a28                m_nrf_log_SPIM_logs_data_const
 .log_const_data_UART
                0x0000000000003a30        0x8 _build/nrf52832_xxaa/nrfx_uart.c.o
                0x0000000000003a30                m_nrf_log_UART_logs_data_const
 .log_const_data_UARTE
                0x0000000000003a38        0x8 _build/nrf52832_xxaa/nrfx_uarte.c.o
                0x0000000000003a38                m_nrf_log_UARTE_logs_data_const
 .log_const_data_app
                0x0000000000003a40        0x8 _build/nrf52832_xxaa/nrf_log_frontend.c.o
                0x0000000000003a40                m_nrf_log_app_logs_data_const
 .log_const_data_balloc_log_mempool
                0x0000000000003a48        0x8 _build/nrf52832_xxaa/nrf_log_frontend.c.o
                0x0000000000003a48                m_nrf_log_balloc_log_mempool_logs_data_const
 .log_const_data_clock
                0x0000000000003a50        0x8 _build/nrf52832_xxaa/nrf_drv_clock.c.o
                0x0000000000003a50                m_nrf_log_clock_logs_data_const
 .log_const_data_queue_serial_queues_rxq
                0x0000000000003a58        0x8 _build/nrf52832_xxaa/main.c.o
                0x0000000000003a58                m_nrf_log_queue_serial_queues_rxq_logs_data_const
 .log_const_data_queue_serial_queues_txq
                0x0000000000003a60        0x8 _build/nrf52832_xxaa/main.c.o
                0x0000000000003a60                m_nrf_log_queue_serial_queues_txq_logs_data_const
                0x0000000000003a68                PROVIDE (__stop_log_const_data, .)

.nrf_balloc     0x0000000000003a68       0x18
                [!provide]                        PROVIDE (__start_nrf_balloc, .)
 *(.nrf_balloc)
 .nrf_balloc    0x0000000000003a68       0x18 _build/nrf52832_xxaa/nrf_log_frontend.c.o
                0x0000000000003a68                log_mempool
                [!provide]                        PROVIDE (__stop_nrf_balloc, .)

.nrf_queue      0x0000000000003a80       0x30
 .nrf_queue     0x0000000000003a80       0x30 _build/nrf52832_xxaa/main.c.o
                0x0000000000003a80                serial_queues_txq
                0x0000000000003a98                serial_queues_rxq

.ARM.extab
 *(.ARM.extab* .gnu.linkonce.armextab.*)
                0x0000000000003ab0                __exidx_start = .

.ARM.exidx      0x0000000000003ab0        0x8
 *(.ARM.exidx* .gnu.linkonce.armexidx.*)
 .ARM.exidx     0x0000000000003ab0        0x8 /usr/local/gcc-arm-none-eabi-7-2017-q4-major/bin/../lib/gcc/arm-none-eabi/7.2.1/../../../../arm-none-eabi/lib/thumb/v7e-m/fpv4-sp/hard/crt0.o
 .ARM.exidx     0x0000000000003ab8        0x0 /usr/local/gcc-arm-none-eabi-7-2017-q4-major/bin/../lib/gcc/arm-none-eabi/7.2.1/thumb/v7e-m/fpv4-sp/hard/libgcc.a(_udivmoddi4.o)
                                          0x8 (size before relaxing)
                0x0000000000003ab8                __exidx_end = .
                0x0000000000003ab8                __etext = .

.rel.dyn        0x0000000000003ab8        0x0
 .rel.iplt      0x0000000000003ab8        0x0 /usr/local/gcc-arm-none-eabi-7-2017-q4-major/bin/../lib/gcc/arm-none-eabi/7.2.1/thumb/v7e-m/fpv4-sp/hard/crtbegin.o

.data           0x0000000020000000       0x6c load address 0x0000000000003ab8
                0x0000000020000000                __data_start__ = .
 *(vtable)
 *(.data*)
 .data.SystemCoreClock
                0x0000000020000000        0x4 _build/nrf52832_xxaa/system_nrf52.c.o
                0x0000000020000000                SystemCoreClock
 .data.impure_data
                0x0000000020000004       0x60 /usr/local/gcc-arm-none-eabi-7-2017-q4-major/bin/../lib/gcc/arm-none-eabi/7.2.1/../../../../arm-none-eabi/lib/thumb/v7e-m/fpv4-sp/hard/libc_nano.a(lib_a-impure.o)
                0x0000000020000064                . = ALIGN (0x4)
                0x0000000020000064                PROVIDE (__preinit_array_start, .)
 *(.preinit_array)
                0x0000000020000064                PROVIDE (__preinit_array_end, .)
                0x0000000020000064                . = ALIGN (0x4)
                0x0000000020000064                PROVIDE (__init_array_start, .)
 *(SORT_BY_NAME(.init_array.*))
 *(.init_array)
 .init_array    0x0000000020000064        0x4 /usr/local/gcc-arm-none-eabi-7-2017-q4-major/bin/../lib/gcc/arm-none-eabi/7.2.1/thumb/v7e-m/fpv4-sp/hard/crtbegin.o
                0x0000000020000068                PROVIDE (__init_array_end, .)
                0x0000000020000068                . = ALIGN (0x4)
                [!provide]                        PROVIDE (__fini_array_start, .)
 *(SORT_BY_NAME(.fini_array.*))
 *(.fini_array)
 .fini_array    0x0000000020000068        0x4 /usr/local/gcc-arm-none-eabi-7-2017-q4-major/bin/../lib/gcc/arm-none-eabi/7.2.1/thumb/v7e-m/fpv4-sp/hard/crtbegin.o
                [!provide]                        PROVIDE (__fini_array_end, .)
 *(.jcr*)
                0x000000002000006c                . = ALIGN (0x4)
                0x000000002000006c                __data_end__ = .
LOAD /usr/local/gcc-arm-none-eabi-7-2017-q4-major/bin/../lib/gcc/arm-none-eabi/7.2.1/thumb/v7e-m/fpv4-sp/hard/crti.o
LOAD /usr/local/gcc-arm-none-eabi-7-2017-q4-major/bin/../lib/gcc/arm-none-eabi/7.2.1/thumb/v7e-m/fpv4-sp/hard/crtbegin.o
LOAD /usr/local/gcc-arm-none-eabi-7-2017-q4-major/bin/../lib/gcc/arm-none-eabi/7.2.1/../../../../arm-none-eabi/lib/thumb/v7e-m/fpv4-sp/hard/crt0.o
LOAD _build/nrf52832_xxaa/gcc_startup_nrf52.S.o
LOAD _build/nrf52832_xxaa/nrf_log_backend_rtt.c.o
LOAD _build/nrf52832_xxaa/nrf_log_backend_serial.c.o
LOAD _build/nrf52832_xxaa/nrf_log_backend_uart.c.o
LOAD _build/nrf52832_xxaa/nrf_log_default_backends.c.o
LOAD _build/nrf52832_xxaa/nrf_log_frontend.c.o
LOAD _build/nrf52832_xxaa/nrf_log_str_formatter.c.o
LOAD _build/nrf52832_xxaa/boards.c.o
LOAD _build/nrf52832_xxaa/app_button.c.o
LOAD _build/nrf52832_xxaa/app_error.c.o
LOAD _build/nrf52832_xxaa/app_error_handler_gcc.c.o
LOAD _build/nrf52832_xxaa/app_error_weak.c.o
LOAD _build/nrf52832_xxaa/app_scheduler.c.o
LOAD _build/nrf52832_xxaa/app_timer.c.o
LOAD _build/nrf52832_xxaa/app_util_platform.c.o
LOAD _build/nrf52832_xxaa/hardfault_handler_gcc.c.o
LOAD _build/nrf52832_xxaa/hardfault_implementation.c.o
LOAD _build/nrf52832_xxaa/nrf_assert.c.o
LOAD _build/nrf52832_xxaa/nrf_atomic.c.o
LOAD _build/nrf52832_xxaa/nrf_queue.c.o
LOAD _build/nrf52832_xxaa/nrf_serial.c.o
LOAD _build/nrf52832_xxaa/nrf_balloc.c.o
LOAD _build/nrf52832_xxaa/nrf_fprintf.c.o
LOAD _build/nrf52832_xxaa/nrf_fprintf_format.c.o
LOAD _build/nrf52832_xxaa/nrf_memobj.c.o
LOAD _build/nrf52832_xxaa/nrf_strerror.c.o
LOAD _build/nrf52832_xxaa/nrf_drv_clock.c.o
LOAD _build/nrf52832_xxaa/nrf_drv_power.c.o
LOAD _build/nrf52832_xxaa/nrf_drv_spi.c.o
LOAD _build/nrf52832_xxaa/nrf_drv_uart.c.o
LOAD _build/nrf52832_xxaa/nrf_nvic.c.o
LOAD _build/nrf52832_xxaa/nrf_soc.c.o
LOAD _build/nrf52832_xxaa/nrfx_clock.c.o
LOAD _build/nrf52832_xxaa/nrfx_gpiote.c.o
LOAD _build/nrf52832_xxaa/nrfx_power.c.o
LOAD _build/nrf52832_xxaa/nrfx_power_clock.c.o
LOAD _build/nrf52832_xxaa/nrfx_prs.c.o
LOAD _build/nrf52832_xxaa/nrfx_spi.c.o
LOAD _build/nrf52832_xxaa/nrfx_spim.c.o
LOAD _build/nrf52832_xxaa/nrfx_uart.c.o
LOAD _build/nrf52832_xxaa/nrfx_uarte.c.o
LOAD _build/nrf52832_xxaa/bsp.c.o
LOAD _build/nrf52832_xxaa/main.c.o
LOAD _build/nrf52832_xxaa/SEGGER_RTT.c.o
LOAD _build/nrf52832_xxaa/SEGGER_RTT_Syscalls_GCC.c.o
LOAD _build/nrf52832_xxaa/SEGGER_RTT_printf.c.o
LOAD _build/nrf52832_xxaa/system_nrf52.c.o
LOAD /usr/local/gcc-arm-none-eabi-7-2017-q4-major/bin/../lib/gcc/arm-none-eabi/7.2.1/../../../../arm-none-eabi/lib/thumb/v7e-m/fpv4-sp/hard/libc_nano.a
LOAD /usr/local/gcc-arm-none-eabi-7-2017-q4-major/bin/../lib/gcc/arm-none-eabi/7.2.1/../../../../arm-none-eabi/lib/thumb/v7e-m/fpv4-sp/hard/libnosys.a
LOAD /usr/local/gcc-arm-none-eabi-7-2017-q4-major/bin/../lib/gcc/arm-none-eabi/7.2.1/../../../../arm-none-eabi/lib/thumb/v7e-m/fpv4-sp/hard/libm.a
START GROUP
LOAD /usr/local/gcc-arm-none-eabi-7-2017-q4-major/bin/../lib/gcc/arm-none-eabi/7.2.1/thumb/v7e-m/fpv4-sp/hard/libgcc.a
LOAD /usr/local/gcc-arm-none-eabi-7-2017-q4-major/bin/../lib/gcc/arm-none-eabi/7.2.1/../../../../arm-none-eabi/lib/thumb/v7e-m/fpv4-sp/hard/libg_nano.a
LOAD /usr/local/gcc-arm-none-eabi-7-2017-q4-major/bin/../lib/gcc/arm-none-eabi/7.2.1/../../../../arm-none-eabi/lib/thumb/v7e-m/fpv4-sp/hard/libc_nano.a
END GROUP
START GROUP
LOAD /usr/local/gcc-arm-none-eabi-7-2017-q4-major/bin/../lib/gcc/arm-none-eabi/7.2.1/thumb/v7e-m/fpv4-sp/hard/libgcc.a
LOAD /usr/local/gcc-arm-none-eabi-7-2017-q4-major/bin/../lib/gcc/arm-none-eabi/7.2.1/../../../../arm-none-eabi/lib/thumb/v7e-m/fpv4-sp/hard/libc_nano.a
END GROUP
LOAD /usr/local/gcc-arm-none-eabi-7-2017-q4-major/bin/../lib/gcc/arm-none-eabi/7.2.1/thumb/v7e-m/fpv4-sp/hard/crtend.o
LOAD /usr/local/gcc-arm-none-eabi-7-2017-q4-major/bin/../lib/gcc/arm-none-eabi/7.2.1/thumb/v7e-m/fpv4-sp/hard/crtn.o
START GROUP
LOAD /usr/local/gcc-arm-none-eabi-7-2017-q4-major/bin/../lib/gcc/arm-none-eabi/7.2.1/thumb/v7e-m/fpv4-sp/hard/libgcc.a
LOAD /usr/local/gcc-arm-none-eabi-7-2017-q4-major/bin/../lib/gcc/arm-none-eabi/7.2.1/../../../../arm-none-eabi/lib/thumb/v7e-m/fpv4-sp/hard/libc.a
LOAD /usr/local/gcc-arm-none-eabi-7-2017-q4-major/bin/../lib/gcc/arm-none-eabi/7.2.1/../../../../arm-none-eabi/lib/thumb/v7e-m/fpv4-sp/hard/libnosys.a
END GROUP

.igot.plt       0x000000002000006c        0x0 load address 0x0000000000003b24
 .igot.plt      0x000000002000006c        0x0 /usr/local/gcc-arm-none-eabi-7-2017-q4-major/bin/../lib/gcc/arm-none-eabi/7.2.1/thumb/v7e-m/fpv4-sp/hard/crtbegin.o
                0x000000002000006c                . = ALIGN (0x4)

.mem_section_dummy_ram

.log_dynamic_data
                0x000000002000006c       0x2c load address 0x0000000000003b24
                0x000000002000006c                PROVIDE (__start_log_dynamic_data, .)
 *(SORT_BY_NAME(.log_dynamic_data*))
 .log_dynamic_data_CLOCK
                0x000000002000006c        0x4 _build/nrf52832_xxaa/nrfx_clock.c.o
                0x000000002000006c                m_nrf_log_CLOCK_logs_data_dynamic
 .log_dynamic_data_GPIOTE
                0x0000000020000070        0x4 _build/nrf52832_xxaa/nrfx_gpiote.c.o
                0x0000000020000070                m_nrf_log_GPIOTE_logs_data_dynamic
 .log_dynamic_data_PRS
                0x0000000020000074        0x4 _build/nrf52832_xxaa/nrfx_prs.c.o
                0x0000000020000074                m_nrf_log_PRS_logs_data_dynamic
 .log_dynamic_data_SPIM
                0x0000000020000078        0x4 _build/nrf52832_xxaa/nrfx_spim.c.o
                0x0000000020000078                m_nrf_log_SPIM_logs_data_dynamic
 .log_dynamic_data_UART
                0x000000002000007c        0x4 _build/nrf52832_xxaa/nrfx_uart.c.o
                0x000000002000007c                m_nrf_log_UART_logs_data_dynamic
 .log_dynamic_data_UARTE
                0x0000000020000080        0x4 _build/nrf52832_xxaa/nrfx_uarte.c.o
                0x0000000020000080                m_nrf_log_UARTE_logs_data_dynamic
 .log_dynamic_data_app
                0x0000000020000084        0x4 _build/nrf52832_xxaa/nrf_log_frontend.c.o
                0x0000000020000084                m_nrf_log_app_logs_data_dynamic
 .log_dynamic_data_balloc_log_mempool
                0x0000000020000088        0x4 _build/nrf52832_xxaa/nrf_log_frontend.c.o
                0x0000000020000088                m_nrf_log_balloc_log_mempool_logs_data_dynamic
 .log_dynamic_data_clock
                0x000000002000008c        0x4 _build/nrf52832_xxaa/nrf_drv_clock.c.o
                0x000000002000008c                m_nrf_log_clock_logs_data_dynamic
 .log_dynamic_data_queue_serial_queues_rxq
                0x0000000020000090        0x4 _build/nrf52832_xxaa/main.c.o
                0x0000000020000090                m_nrf_log_queue_serial_queues_rxq_logs_data_dynamic
 .log_dynamic_data_queue_serial_queues_txq
                0x0000000020000094        0x4 _build/nrf52832_xxaa/main.c.o
                0x0000000020000094                m_nrf_log_queue_serial_queues_txq_logs_data_dynamic
                [!provide]                        PROVIDE (__stop_log_dynamic_data, .)

.bss            0x0000000020000098      0x858 load address 0x0000000000003b50
                0x0000000020000098                . = ALIGN (0x4)
                0x0000000020000098                __bss_start__ = .
 *(.bss*)
 .bss           0x0000000020000098       0x1c /usr/local/gcc-arm-none-eabi-7-2017-q4-major/bin/../lib/gcc/arm-none-eabi/7.2.1/thumb/v7e-m/fpv4-sp/hard/crtbegin.o
 .bss.log_mempool_nrf_balloc_cb
                0x00000000200000b4        0x8 _build/nrf52832_xxaa/nrf_log_frontend.c.o
 .bss.log_mempool_nrf_balloc_pool_mem
                0x00000000200000bc       0xc0 _build/nrf52832_xxaa/nrf_log_frontend.c.o
 .bss.log_mempool_nrf_balloc_pool_stack
                0x000000002000017c        0x8 _build/nrf52832_xxaa/nrf_log_frontend.c.o
 .bss.m_log_data
                0x0000000020000184      0x424 _build/nrf52832_xxaa/nrf_log_frontend.c.o
 .bss.m_op_queue
                0x00000000200005a8      0x10c _build/nrf52832_xxaa/app_timer.c.o
 .bss.m_rtc1_reset
                0x00000000200006b4        0x1 _build/nrf52832_xxaa/app_timer.c.o
 .bss.m_rtc1_running
                0x00000000200006b5        0x1 _build/nrf52832_xxaa/app_timer.c.o
 *fill*         0x00000000200006b6        0x2 
 .bss.m_ticks_elapsed
                0x00000000200006b8        0x8 _build/nrf52832_xxaa/app_timer.c.o
 .bss.m_ticks_elapsed_q_read_ind
                0x00000000200006c0        0x1 _build/nrf52832_xxaa/app_timer.c.o
 .bss.m_ticks_elapsed_q_write_ind
                0x00000000200006c1        0x1 _build/nrf52832_xxaa/app_timer.c.o
 *fill*         0x00000000200006c2        0x2 
 .bss.m_ticks_latest
                0x00000000200006c4        0x4 _build/nrf52832_xxaa/app_timer.c.o
 .bss.mp_timer_id_head
                0x00000000200006c8        0x4 _build/nrf52832_xxaa/app_timer.c.o
 .bss.m_in_critical_region
                0x00000000200006cc        0x4 _build/nrf52832_xxaa/app_util_platform.c.o
 .bss.m_clock_cb
                0x00000000200006d0       0x14 _build/nrf52832_xxaa/nrf_drv_clock.c.o
 .bss.m_initialized
                0x00000000200006e4        0x1 _build/nrf52832_xxaa/nrf_drv_power.c.o
 *fill*         0x00000000200006e5        0x3 
 .bss.m_contexts
                0x00000000200006e8        0xc _build/nrf52832_xxaa/nrf_drv_spi.c.o
 .bss.m_handlers
                0x00000000200006f4        0xc _build/nrf52832_xxaa/nrf_drv_spi.c.o
 .bss.m_contexts
                0x0000000020000700        0x4 _build/nrf52832_xxaa/nrf_drv_uart.c.o
 .bss.m_handlers
                0x0000000020000704        0x4 _build/nrf52832_xxaa/nrf_drv_uart.c.o
 .bss.m_clock_cb
                0x0000000020000708        0x8 _build/nrf52832_xxaa/nrfx_clock.c.o
 .bss.m_cb      0x0000000020000710       0x5c _build/nrf52832_xxaa/nrfx_gpiote.c.o
 .bss.m_pofwarn_handler
                0x000000002000076c        0x4 _build/nrf52832_xxaa/nrfx_power.c.o
 .bss.m_sleepevt_handler
                0x0000000020000770        0x4 _build/nrf52832_xxaa/nrfx_power.c.o
 .bss.m_prs_box_4
                0x0000000020000774        0x8 _build/nrf52832_xxaa/nrfx_prs.c.o
 .bss.m_cb      0x000000002000077c       0x48 _build/nrf52832_xxaa/nrfx_spim.c.o
 .bss.m_cb      0x00000000200007c4       0x2c _build/nrf52832_xxaa/nrfx_uart.c.o
 .bss.m_cb      0x00000000200007f0       0x24 _build/nrf52832_xxaa/nrfx_uarte.c.o
 .bss.adxl_data
                0x0000000020000814        0x6 _build/nrf52832_xxaa/main.c.o
 *fill*         0x000000002000081a        0x2 
 .bss.m_rx_buf  0x000000002000081c        0x8 _build/nrf52832_xxaa/main.c.o
 .bss.m_tx_buf  0x0000000020000824        0x8 _build/nrf52832_xxaa/main.c.o
 .bss.serial_buffs_rxb
                0x000000002000082c        0x1 _build/nrf52832_xxaa/main.c.o
 *fill*         0x000000002000082d        0x3 
 .bss.serial_buffs_txb
                0x0000000020000830        0x1 _build/nrf52832_xxaa/main.c.o
 *fill*         0x0000000020000831        0x3 
 .bss.serial_queues_rxq_nrf_queue_buffer
                0x0000000020000834       0x21 _build/nrf52832_xxaa/main.c.o
 *fill*         0x0000000020000855        0x3 
 .bss.serial_queues_rxq_nrf_queue_cb
                0x0000000020000858        0xc _build/nrf52832_xxaa/main.c.o
 .bss.serial_queues_txq_nrf_queue_buffer
                0x0000000020000864       0x21 _build/nrf52832_xxaa/main.c.o
 *fill*         0x0000000020000885        0x3 
 .bss.serial_queues_txq_nrf_queue_cb
                0x0000000020000888        0xc _build/nrf52832_xxaa/main.c.o
 .bss.serial_uart_ctx
                0x0000000020000894       0x10 _build/nrf52832_xxaa/main.c.o
 .bss.serial_uart_rx_timer_data
                0x00000000200008a4       0x20 _build/nrf52832_xxaa/main.c.o
 .bss.serial_uart_tx_timer_data
                0x00000000200008c4       0x20 _build/nrf52832_xxaa/main.c.o
 .bss.spi_xfer_done
                0x00000000200008e4        0x1 _build/nrf52832_xxaa/main.c.o
 *(COMMON)
 *fill*         0x00000000200008e5        0x3 
 COMMON         0x00000000200008e8        0x1 _build/nrf52832_xxaa/nrf_drv_uart.c.o
                0x00000000200008e8                nrf_drv_uart_use_easy_dma
 COMMON         0x00000000200008e9        0x1 _build/nrf52832_xxaa/nrfx_clock.c.o
                0x00000000200008e9                nrfx_clock_irq_enabled
 COMMON         0x00000000200008ea        0x1 _build/nrf52832_xxaa/nrfx_power.c.o
                0x00000000200008ea                nrfx_power_irq_enabled
 *fill*         0x00000000200008eb        0x1 
 COMMON         0x00000000200008ec        0x4 _build/nrf52832_xxaa/main.c.o
                0x00000000200008ec                ret
                0x00000000200008f0                . = ALIGN (0x4)
                0x00000000200008f0                __bss_end__ = .

.heap           0x00000000200008f0     0x2000
                0x00000000200008f0                __HeapBase = .
                0x00000000200008f0                __end__ = .
                [!provide]                        PROVIDE (end, .)
 *(.heap*)
 .heap          0x00000000200008f0     0x2000 _build/nrf52832_xxaa/gcc_startup_nrf52.S.o
                0x00000000200028f0                __HeapLimit = .

.stack_dummy    0x00000000200008f0     0x2000
 *(.stack*)
 .stack         0x00000000200008f0     0x2000 _build/nrf52832_xxaa/gcc_startup_nrf52.S.o
                0x0000000020010000                __StackTop = (ORIGIN (RAM) + LENGTH (RAM))
                0x000000002000e000                __StackLimit = (__StackTop - SIZEOF (.stack_dummy))
                0x0000000020010000                PROVIDE (__stack, __StackTop)
                0x0000000000000001                ASSERT ((__StackLimit >= __HeapLimit), region RAM overflowed with stack)
                0x0000000000000098                DataInitFlashUsed = (__bss_start__ - __data_start__)
                0x0000000000003ab8                CodeFlashUsed = (__etext - ORIGIN (FLASH))
                0x0000000000003b50                TotalFlashUsed = (CodeFlashUsed + DataInitFlashUsed)
                0x0000000000000001                ASSERT ((TotalFlashUsed <= LENGTH (FLASH)), region FLASH overflowed with .data and user data)
OUTPUT(_build/nrf52832_xxaa.out elf32-littlearm)

.ARM.attributes
                0x0000000000000000       0x30
 .ARM.attributes
                0x0000000000000000       0x22 /usr/local/gcc-arm-none-eabi-7-2017-q4-major/bin/../lib/gcc/arm-none-eabi/7.2.1/thumb/v7e-m/fpv4-sp/hard/crti.o
 .ARM.attributes
                0x0000000000000022       0x34 /usr/local/gcc-arm-none-eabi-7-2017-q4-major/bin/../lib/gcc/arm-none-eabi/7.2.1/thumb/v7e-m/fpv4-sp/hard/crtbegin.o
 .ARM.attributes
                0x0000000000000056       0x20 /usr/local/gcc-arm-none-eabi-7-2017-q4-major/bin/../lib/gcc/arm-none-eabi/7.2.1/../../../../arm-none-eabi/lib/thumb/v7e-m/fpv4-sp/hard/crt0.o
 .ARM.attributes
                0x0000000000000076       0x20 _build/nrf52832_xxaa/gcc_startup_nrf52.S.o
 .ARM.attributes
                0x0000000000000096       0x39 _build/nrf52832_xxaa/nrf_log_frontend.c.o
 .ARM.attributes
                0x00000000000000cf       0x39 _build/nrf52832_xxaa/app_error.c.o
 .ARM.attributes
                0x0000000000000108       0x39 _build/nrf52832_xxaa/app_error_weak.c.o
 .ARM.attributes
                0x0000000000000141       0x39 _build/nrf52832_xxaa/app_timer.c.o
 .ARM.attributes
                0x000000000000017a       0x39 _build/nrf52832_xxaa/app_util_platform.c.o
 .ARM.attributes
                0x00000000000001b3       0x39 _build/nrf52832_xxaa/nrf_atomic.c.o
 .ARM.attributes
                0x00000000000001ec       0x39 _build/nrf52832_xxaa/nrf_queue.c.o
 .ARM.attributes
                0x0000000000000225       0x39 _build/nrf52832_xxaa/nrf_serial.c.o
 .ARM.attributes
                0x000000000000025e       0x39 _build/nrf52832_xxaa/nrf_balloc.c.o
 .ARM.attributes
                0x0000000000000297       0x39 _build/nrf52832_xxaa/nrf_memobj.c.o
 .ARM.attributes
                0x00000000000002d0       0x39 _build/nrf52832_xxaa/nrf_drv_clock.c.o
 .ARM.attributes
                0x0000000000000309       0x39 _build/nrf52832_xxaa/nrf_drv_power.c.o
 .ARM.attributes
                0x0000000000000342       0x39 _build/nrf52832_xxaa/nrf_drv_spi.c.o
 .ARM.attributes
                0x000000000000037b       0x39 _build/nrf52832_xxaa/nrf_drv_uart.c.o
 .ARM.attributes
                0x00000000000003b4       0x39 _build/nrf52832_xxaa/nrfx_clock.c.o
 .ARM.attributes
                0x00000000000003ed       0x39 _build/nrf52832_xxaa/nrfx_gpiote.c.o
 .ARM.attributes
                0x0000000000000426       0x39 _build/nrf52832_xxaa/nrfx_power.c.o
 .ARM.attributes
                0x000000000000045f       0x39 _build/nrf52832_xxaa/nrfx_power_clock.c.o
 .ARM.attributes
                0x0000000000000498       0x39 _build/nrf52832_xxaa/nrfx_prs.c.o
 .ARM.attributes
                0x00000000000004d1       0x39 _build/nrf52832_xxaa/nrfx_spim.c.o
 .ARM.attributes
                0x000000000000050a       0x39 _build/nrf52832_xxaa/nrfx_uart.c.o
 .ARM.attributes
                0x0000000000000543       0x39 _build/nrf52832_xxaa/nrfx_uarte.c.o
 .ARM.attributes
                0x000000000000057c       0x39 _build/nrf52832_xxaa/main.c.o
 .ARM.attributes
                0x00000000000005b5       0x39 _build/nrf52832_xxaa/system_nrf52.c.o
 .ARM.attributes
                0x00000000000005ee       0x34 /usr/local/gcc-arm-none-eabi-7-2017-q4-major/bin/../lib/gcc/arm-none-eabi/7.2.1/../../../../arm-none-eabi/lib/thumb/v7e-m/fpv4-sp/hard/libc_nano.a(lib_a-exit.o)
 .ARM.attributes
                0x0000000000000622       0x34 /usr/local/gcc-arm-none-eabi-7-2017-q4-major/bin/../lib/gcc/arm-none-eabi/7.2.1/../../../../arm-none-eabi/lib/thumb/v7e-m/fpv4-sp/hard/libc_nano.a(lib_a-impure.o)
 .ARM.attributes
                0x0000000000000656       0x34 /usr/local/gcc-arm-none-eabi-7-2017-q4-major/bin/../lib/gcc/arm-none-eabi/7.2.1/../../../../arm-none-eabi/lib/thumb/v7e-m/fpv4-sp/hard/libc_nano.a(lib_a-init.o)
 .ARM.attributes
                0x000000000000068a       0x34 /usr/local/gcc-arm-none-eabi-7-2017-q4-major/bin/../lib/gcc/arm-none-eabi/7.2.1/../../../../arm-none-eabi/lib/thumb/v7e-m/fpv4-sp/hard/libc_nano.a(lib_a-memcpy-stub.o)
 .ARM.attributes
                0x00000000000006be       0x34 /usr/local/gcc-arm-none-eabi-7-2017-q4-major/bin/../lib/gcc/arm-none-eabi/7.2.1/../../../../arm-none-eabi/lib/thumb/v7e-m/fpv4-sp/hard/libc_nano.a(lib_a-memset.o)
 .ARM.attributes
                0x00000000000006f2       0x34 /usr/local/gcc-arm-none-eabi-7-2017-q4-major/bin/../lib/gcc/arm-none-eabi/7.2.1/../../../../arm-none-eabi/lib/thumb/v7e-m/fpv4-sp/hard/libnosys.a(_exit.o)
 .ARM.attributes
                0x0000000000000726       0x22 /usr/local/gcc-arm-none-eabi-7-2017-q4-major/bin/../lib/gcc/arm-none-eabi/7.2.1/thumb/v7e-m/fpv4-sp/hard/libgcc.a(_aeabi_uldivmod.o)
 .ARM.attributes
                0x0000000000000748       0x34 /usr/local/gcc-arm-none-eabi-7-2017-q4-major/bin/../lib/gcc/arm-none-eabi/7.2.1/thumb/v7e-m/fpv4-sp/hard/libgcc.a(_udivmoddi4.o)
 .ARM.attributes
                0x000000000000077c       0x22 /usr/local/gcc-arm-none-eabi-7-2017-q4-major/bin/../lib/gcc/arm-none-eabi/7.2.1/thumb/v7e-m/fpv4-sp/hard/libgcc.a(_dvmd_tls.o)
 .ARM.attributes
                0x000000000000079e       0x34 /usr/local/gcc-arm-none-eabi-7-2017-q4-major/bin/../lib/gcc/arm-none-eabi/7.2.1/thumb/v7e-m/fpv4-sp/hard/crtend.o
 .ARM.attributes
                0x00000000000007d2       0x22 /usr/local/gcc-arm-none-eabi-7-2017-q4-major/bin/../lib/gcc/arm-none-eabi/7.2.1/thumb/v7e-m/fpv4-sp/hard/crtn.o

.comment        0x0000000000000000       0x7e
 .comment       0x0000000000000000       0x7e _build/nrf52832_xxaa/nrf_log_frontend.c.o
                                         0x7f (size before relaxing)
 .comment       0x000000000000007e       0x7f _build/nrf52832_xxaa/app_error.c.o
 .comment       0x000000000000007e       0x7f _build/nrf52832_xxaa/app_error_weak.c.o
 .comment       0x000000000000007e       0x7f _build/nrf52832_xxaa/app_timer.c.o
 .comment       0x000000000000007e       0x7f _build/nrf52832_xxaa/app_util_platform.c.o
 .comment       0x000000000000007e       0x7f _build/nrf52832_xxaa/nrf_atomic.c.o
 .comment       0x000000000000007e       0x7f _build/nrf52832_xxaa/nrf_queue.c.o
 .comment       0x000000000000007e       0x7f _build/nrf52832_xxaa/nrf_serial.c.o
 .comment       0x000000000000007e       0x7f _build/nrf52832_xxaa/nrf_balloc.c.o
 .comment       0x000000000000007e       0x7f _build/nrf52832_xxaa/nrf_memobj.c.o
 .comment       0x000000000000007e       0x7f _build/nrf52832_xxaa/nrf_drv_clock.c.o
 .comment       0x000000000000007e       0x7f _build/nrf52832_xxaa/nrf_drv_power.c.o
 .comment       0x000000000000007e       0x7f _build/nrf52832_xxaa/nrf_drv_spi.c.o
 .comment       0x000000000000007e       0x7f _build/nrf52832_xxaa/nrf_drv_uart.c.o
 .comment       0x000000000000007e       0x7f _build/nrf52832_xxaa/nrfx_clock.c.o
 .comment       0x000000000000007e       0x7f _build/nrf52832_xxaa/nrfx_gpiote.c.o
 .comment       0x000000000000007e       0x7f _build/nrf52832_xxaa/nrfx_power.c.o
 .comment       0x000000000000007e       0x7f _build/nrf52832_xxaa/nrfx_power_clock.c.o
 .comment       0x000000000000007e       0x7f _build/nrf52832_xxaa/nrfx_prs.c.o
 .comment       0x000000000000007e       0x7f _build/nrf52832_xxaa/nrfx_spim.c.o
 .comment       0x000000000000007e       0x7f _build/nrf52832_xxaa/nrfx_uart.c.o
 .comment       0x000000000000007e       0x7f _build/nrf52832_xxaa/nrfx_uarte.c.o
 .comment       0x000000000000007e       0x7f _build/nrf52832_xxaa/main.c.o
 .comment       0x000000000000007e       0x7f _build/nrf52832_xxaa/system_nrf52.c.o

.debug_line     0x0000000000000000     0xeead
 .debug_line    0x0000000000000000       0x86 _build/nrf52832_xxaa/gcc_startup_nrf52.S.o
 .debug_line    0x0000000000000086      0xe78 _build/nrf52832_xxaa/nrf_log_frontend.c.o
 .debug_line    0x0000000000000efe      0x4bb _build/nrf52832_xxaa/app_error.c.o
 .debug_line    0x00000000000013b9      0x7a7 _build/nrf52832_xxaa/app_error_weak.c.o
 .debug_line    0x0000000000001b60      0xc09 _build/nrf52832_xxaa/app_timer.c.o
 .debug_line    0x0000000000002769      0x55a _build/nrf52832_xxaa/app_util_platform.c.o
 .debug_line    0x0000000000002cc3      0x66c _build/nrf52832_xxaa/nrf_atomic.c.o
 .debug_line    0x000000000000332f      0x9eb _build/nrf52832_xxaa/nrf_queue.c.o
 .debug_line    0x0000000000003d1a      0xee6 _build/nrf52832_xxaa/nrf_serial.c.o
 .debug_line    0x0000000000004c00      0x70f _build/nrf52832_xxaa/nrf_balloc.c.o
 .debug_line    0x000000000000530f      0x7de _build/nrf52832_xxaa/nrf_memobj.c.o
 .debug_line    0x0000000000005aed      0xa2d _build/nrf52832_xxaa/nrf_drv_clock.c.o
 .debug_line    0x000000000000651a      0x7f8 _build/nrf52832_xxaa/nrf_drv_power.c.o
 .debug_line    0x0000000000006d12      0x74f _build/nrf52832_xxaa/nrf_drv_spi.c.o
 .debug_line    0x0000000000007461      0x75a _build/nrf52832_xxaa/nrf_drv_uart.c.o
 .debug_line    0x0000000000007bbb      0xb55 _build/nrf52832_xxaa/nrfx_clock.c.o
 .debug_line    0x0000000000008710     0x12a3 _build/nrf52832_xxaa/nrfx_gpiote.c.o
 .debug_line    0x00000000000099b3      0x904 _build/nrf52832_xxaa/nrfx_power.c.o
 .debug_line    0x000000000000a2b7      0x732 _build/nrf52832_xxaa/nrfx_power_clock.c.o
 .debug_line    0x000000000000a9e9      0x87e _build/nrf52832_xxaa/nrfx_prs.c.o
 .debug_line    0x000000000000b267      0xcce _build/nrf52832_xxaa/nrfx_spim.c.o
 .debug_line    0x000000000000bf35      0xf6a _build/nrf52832_xxaa/nrfx_uart.c.o
 .debug_line    0x000000000000ce9f      0xea3 _build/nrf52832_xxaa/nrfx_uarte.c.o
 .debug_line    0x000000000000dd42      0xd14 _build/nrf52832_xxaa/main.c.o
 .debug_line    0x000000000000ea56      0x457 _build/nrf52832_xxaa/system_nrf52.c.o

.debug_info     0x0000000000000000    0x2ab09
 .debug_info    0x0000000000000000       0x26 _build/nrf52832_xxaa/gcc_startup_nrf52.S.o
 .debug_info    0x0000000000000026     0x388c _build/nrf52832_xxaa/nrf_log_frontend.c.o
 .debug_info    0x00000000000038b2      0xaeb _build/nrf52832_xxaa/app_error.c.o
 .debug_info    0x000000000000439d      0xcab _build/nrf52832_xxaa/app_error_weak.c.o
 .debug_info    0x0000000000005048     0x2389 _build/nrf52832_xxaa/app_timer.c.o
 .debug_info    0x00000000000073d1      0xfa6 _build/nrf52832_xxaa/app_util_platform.c.o
 .debug_info    0x0000000000008377     0x122a _build/nrf52832_xxaa/nrf_atomic.c.o
 .debug_info    0x00000000000095a1     0x1b16 _build/nrf52832_xxaa/nrf_queue.c.o
 .debug_info    0x000000000000b0b7     0x2e14 _build/nrf52832_xxaa/nrf_serial.c.o
 .debug_info    0x000000000000decb      0xc52 _build/nrf52832_xxaa/nrf_balloc.c.o
 .debug_info    0x000000000000eb1d     0x118c _build/nrf52832_xxaa/nrf_memobj.c.o
 .debug_info    0x000000000000fca9     0x1488 _build/nrf52832_xxaa/nrf_drv_clock.c.o
 .debug_info    0x0000000000011131      0xdf9 _build/nrf52832_xxaa/nrf_drv_power.c.o
 .debug_info    0x0000000000011f2a     0x1598 _build/nrf52832_xxaa/nrf_drv_spi.c.o
 .debug_info    0x00000000000134c2     0x18c8 _build/nrf52832_xxaa/nrf_drv_uart.c.o
 .debug_info    0x0000000000014d8a     0x1c31 _build/nrf52832_xxaa/nrfx_clock.c.o
 .debug_info    0x00000000000169bb     0x3909 _build/nrf52832_xxaa/nrfx_gpiote.c.o
 .debug_info    0x000000000001a2c4     0x1a50 _build/nrf52832_xxaa/nrfx_power.c.o
 .debug_info    0x000000000001bd14      0x94c _build/nrf52832_xxaa/nrfx_power_clock.c.o
 .debug_info    0x000000000001c660      0xff1 _build/nrf52832_xxaa/nrfx_prs.c.o
 .debug_info    0x000000000001d651     0x2e2a _build/nrf52832_xxaa/nrfx_spim.c.o
 .debug_info    0x000000000002047b     0x37f4 _build/nrf52832_xxaa/nrfx_uart.c.o
 .debug_info    0x0000000000023c6f     0x34dc _build/nrf52832_xxaa/nrfx_uarte.c.o
 .debug_info    0x000000000002714b     0x28a4 _build/nrf52832_xxaa/main.c.o
 .debug_info    0x00000000000299ef     0x111a _build/nrf52832_xxaa/system_nrf52.c.o

.debug_abbrev   0x0000000000000000     0x59f6
 .debug_abbrev  0x0000000000000000       0x14 _build/nrf52832_xxaa/gcc_startup_nrf52.S.o
 .debug_abbrev  0x0000000000000014      0x5a7 _build/nrf52832_xxaa/nrf_log_frontend.c.o
 .debug_abbrev  0x00000000000005bb      0x235 _build/nrf52832_xxaa/app_error.c.o
 .debug_abbrev  0x00000000000007f0      0x298 _build/nrf52832_xxaa/app_error_weak.c.o
 .debug_abbrev  0x0000000000000a88      0x494 _build/nrf52832_xxaa/app_timer.c.o
 .debug_abbrev  0x0000000000000f1c      0x326 _build/nrf52832_xxaa/app_util_platform.c.o
 .debug_abbrev  0x0000000000001242      0x31f _build/nrf52832_xxaa/nrf_atomic.c.o
 .debug_abbrev  0x0000000000001561      0x41d _build/nrf52832_xxaa/nrf_queue.c.o
 .debug_abbrev  0x000000000000197e      0x4e8 _build/nrf52832_xxaa/nrf_serial.c.o
 .debug_abbrev  0x0000000000001e66      0x2f1 _build/nrf52832_xxaa/nrf_balloc.c.o
 .debug_abbrev  0x0000000000002157      0x331 _build/nrf52832_xxaa/nrf_memobj.c.o
 .debug_abbrev  0x0000000000002488      0x4cf _build/nrf52832_xxaa/nrf_drv_clock.c.o
 .debug_abbrev  0x0000000000002957      0x2e9 _build/nrf52832_xxaa/nrf_drv_power.c.o
 .debug_abbrev  0x0000000000002c40      0x2a7 _build/nrf52832_xxaa/nrf_drv_spi.c.o
 .debug_abbrev  0x0000000000002ee7      0x289 _build/nrf52832_xxaa/nrf_drv_uart.c.o
 .debug_abbrev  0x0000000000003170      0x4b7 _build/nrf52832_xxaa/nrfx_clock.c.o
 .debug_abbrev  0x0000000000003627      0x533 _build/nrf52832_xxaa/nrfx_gpiote.c.o
 .debug_abbrev  0x0000000000003b5a      0x471 _build/nrf52832_xxaa/nrfx_power.c.o
 .debug_abbrev  0x0000000000003fcb      0x1ee _build/nrf52832_xxaa/nrfx_power_clock.c.o
 .debug_abbrev  0x00000000000041b9      0x307 _build/nrf52832_xxaa/nrfx_prs.c.o
 .debug_abbrev  0x00000000000044c0      0x4cb _build/nrf52832_xxaa/nrfx_spim.c.o
 .debug_abbrev  0x000000000000498b      0x50f _build/nrf52832_xxaa/nrfx_uart.c.o
 .debug_abbrev  0x0000000000004e9a      0x506 _build/nrf52832_xxaa/nrfx_uarte.c.o
 .debug_abbrev  0x00000000000053a0      0x474 _build/nrf52832_xxaa/main.c.o
 .debug_abbrev  0x0000000000005814      0x1e2 _build/nrf52832_xxaa/system_nrf52.c.o

.debug_aranges  0x0000000000000000      0x8d0
 .debug_aranges
                0x0000000000000000       0x20 _build/nrf52832_xxaa/gcc_startup_nrf52.S.o
 .debug_aranges
                0x0000000000000020       0xc8 _build/nrf52832_xxaa/nrf_log_frontend.c.o
 .debug_aranges
                0x00000000000000e8       0x28 _build/nrf52832_xxaa/app_error.c.o
 .debug_aranges
                0x0000000000000110       0x20 _build/nrf52832_xxaa/app_error_weak.c.o
 .debug_aranges
                0x0000000000000130       0x70 _build/nrf52832_xxaa/app_timer.c.o
 .debug_aranges
                0x00000000000001a0       0x48 _build/nrf52832_xxaa/app_util_platform.c.o
 .debug_aranges
                0x00000000000001e8       0xb0 _build/nrf52832_xxaa/nrf_atomic.c.o
 .debug_aranges
                0x0000000000000298       0x80 _build/nrf52832_xxaa/nrf_queue.c.o
 .debug_aranges
                0x0000000000000318       0x60 _build/nrf52832_xxaa/nrf_serial.c.o
 .debug_aranges
                0x0000000000000378       0x30 _build/nrf52832_xxaa/nrf_balloc.c.o
 .debug_aranges
                0x00000000000003a8       0x50 _build/nrf52832_xxaa/nrf_memobj.c.o
 .debug_aranges
                0x00000000000003f8       0x80 _build/nrf52832_xxaa/nrf_drv_clock.c.o
 .debug_aranges
                0x0000000000000478       0x50 _build/nrf52832_xxaa/nrf_drv_power.c.o
 .debug_aranges
                0x00000000000004c8       0x28 _build/nrf52832_xxaa/nrf_drv_spi.c.o
 .debug_aranges
                0x00000000000004f0       0x30 _build/nrf52832_xxaa/nrf_drv_uart.c.o
 .debug_aranges
                0x0000000000000520       0x78 _build/nrf52832_xxaa/nrfx_clock.c.o
 .debug_aranges
                0x0000000000000598       0xd8 _build/nrf52832_xxaa/nrfx_gpiote.c.o
 .debug_aranges
                0x0000000000000670       0x78 _build/nrf52832_xxaa/nrfx_power.c.o
 .debug_aranges
                0x00000000000006e8       0x20 _build/nrf52832_xxaa/nrfx_power_clock.c.o
 .debug_aranges
                0x0000000000000708       0x30 _build/nrf52832_xxaa/nrfx_prs.c.o
 .debug_aranges
                0x0000000000000738       0x58 _build/nrf52832_xxaa/nrfx_spim.c.o
 .debug_aranges
                0x0000000000000790       0x78 _build/nrf52832_xxaa/nrfx_uart.c.o
 .debug_aranges
                0x0000000000000808       0x68 _build/nrf52832_xxaa/nrfx_uarte.c.o
 .debug_aranges
                0x0000000000000870       0x38 _build/nrf52832_xxaa/main.c.o
 .debug_aranges
                0x00000000000008a8       0x28 _build/nrf52832_xxaa/system_nrf52.c.o

.debug_str      0x0000000000000000    0x7bd49
 .debug_str     0x0000000000000000       0xc2 _build/nrf52832_xxaa/gcc_startup_nrf52.S.o
 .debug_str     0x00000000000000c2    0x6b3de _build/nrf52832_xxaa/nrf_log_frontend.c.o
                                      0x6c48a (size before relaxing)
 .debug_str     0x000000000006b4a0      0x10b _build/nrf52832_xxaa/app_error.c.o
                                      0x60ae1 (size before relaxing)
 .debug_str     0x000000000006b5ab       0xd9 _build/nrf52832_xxaa/app_error_weak.c.o
                                      0x6b5fd (size before relaxing)
 .debug_str     0x000000000006b684     0x4143 _build/nrf52832_xxaa/app_timer.c.o
                                      0x6c042 (size before relaxing)
 .debug_str     0x000000000006f7c7      0x1b3 _build/nrf52832_xxaa/app_util_platform.c.o
                                      0x612d3 (size before relaxing)
 .debug_str     0x000000000006f97a      0x6b9 _build/nrf52832_xxaa/nrf_atomic.c.o
                                      0x67577 (size before relaxing)
 .debug_str     0x0000000000070033     0x16d3 _build/nrf52832_xxaa/nrf_queue.c.o
                                      0x6bb8b (size before relaxing)
 .debug_str     0x0000000000071706     0x1aee _build/nrf52832_xxaa/nrf_serial.c.o
                                      0x6ec7b (size before relaxing)
 .debug_str     0x00000000000731f4      0x14a _build/nrf52832_xxaa/nrf_balloc.c.o
                                      0x6b2fe (size before relaxing)
 .debug_str     0x000000000007333e      0x1b3 _build/nrf52832_xxaa/nrf_memobj.c.o
                                      0x696fe (size before relaxing)
 .debug_str     0x00000000000734f1      0x912 _build/nrf52832_xxaa/nrf_drv_clock.c.o
                                      0x6e15f (size before relaxing)
 .debug_str     0x0000000000073e03      0xc85 _build/nrf52832_xxaa/nrf_drv_power.c.o
                                      0x6bcd2 (size before relaxing)
 .debug_str     0x0000000000074a88     0x15ad _build/nrf52832_xxaa/nrf_drv_spi.c.o
                                      0x6c1e3 (size before relaxing)
 .debug_str     0x0000000000076035      0x462 _build/nrf52832_xxaa/nrf_drv_uart.c.o
                                      0x6be69 (size before relaxing)
 .debug_str     0x0000000000076497      0x8d1 _build/nrf52832_xxaa/nrfx_clock.c.o
                                      0x6e9a6 (size before relaxing)
 .debug_str     0x0000000000076d68     0x1c3b _build/nrf52832_xxaa/nrfx_gpiote.c.o
                                      0x6fb2c (size before relaxing)
 .debug_str     0x00000000000789a3      0x330 _build/nrf52832_xxaa/nrfx_power.c.o
                                      0x6ba76 (size before relaxing)
 .debug_str     0x0000000000078cd3       0x3e _build/nrf52832_xxaa/nrfx_power_clock.c.o
                                      0x6abfb (size before relaxing)
 .debug_str     0x0000000000078d11      0x346 _build/nrf52832_xxaa/nrfx_prs.c.o
                                      0x6e001 (size before relaxing)
 .debug_str     0x0000000000079057      0x79b _build/nrf52832_xxaa/nrfx_spim.c.o
                                      0x6f536 (size before relaxing)
 .debug_str     0x00000000000797f2      0x63b _build/nrf52832_xxaa/nrfx_uart.c.o
                                      0x6f1a8 (size before relaxing)
 .debug_str     0x0000000000079e2d      0x885 _build/nrf52832_xxaa/nrfx_uarte.c.o
                                      0x6f599 (size before relaxing)
 .debug_str     0x000000000007a6b2     0x1432 _build/nrf52832_xxaa/main.c.o
                                      0x74a1b (size before relaxing)
 .debug_str     0x000000000007bae4      0x265 _build/nrf52832_xxaa/system_nrf52.c.o
                                      0x5c4de (size before relaxing)

.debug_loc      0x0000000000000000     0xe99a
 .debug_loc     0x0000000000000000     0x2b8a _build/nrf52832_xxaa/nrf_log_frontend.c.o
 .debug_loc     0x0000000000002b8a       0xca _build/nrf52832_xxaa/app_error.c.o
 .debug_loc     0x0000000000002c54       0x63 _build/nrf52832_xxaa/app_error_weak.c.o
 .debug_loc     0x0000000000002cb7      0xeeb _build/nrf52832_xxaa/app_timer.c.o
 .debug_loc     0x0000000000003ba2       0xc3 _build/nrf52832_xxaa/app_util_platform.c.o
 .debug_loc     0x0000000000003c65      0x35c _build/nrf52832_xxaa/nrf_atomic.c.o
 .debug_loc     0x0000000000003fc1      0xf5d _build/nrf52832_xxaa/nrf_queue.c.o
 .debug_loc     0x0000000000004f1e     0x1be0 _build/nrf52832_xxaa/nrf_serial.c.o
 .debug_loc     0x0000000000006afe      0x21b _build/nrf52832_xxaa/nrf_balloc.c.o
 .debug_loc     0x0000000000006d19      0xa0f _build/nrf52832_xxaa/nrf_memobj.c.o
 .debug_loc     0x0000000000007728      0x2b5 _build/nrf52832_xxaa/nrf_drv_clock.c.o
 .debug_loc     0x00000000000079dd       0x92 _build/nrf52832_xxaa/nrf_drv_power.c.o
 .debug_loc     0x0000000000007a6f      0x1b5 _build/nrf52832_xxaa/nrf_drv_spi.c.o
 .debug_loc     0x0000000000007c24      0x1ae _build/nrf52832_xxaa/nrf_drv_uart.c.o
 .debug_loc     0x0000000000007dd2      0x31d _build/nrf52832_xxaa/nrfx_clock.c.o
 .debug_loc     0x00000000000080ef     0x28e6 _build/nrf52832_xxaa/nrfx_gpiote.c.o
 .debug_loc     0x000000000000a9d5      0x2bc _build/nrf52832_xxaa/nrfx_power.c.o
 .debug_loc     0x000000000000ac91       0xc6 _build/nrf52832_xxaa/nrfx_prs.c.o
 .debug_loc     0x000000000000ad57      0xd56 _build/nrf52832_xxaa/nrfx_spim.c.o
 .debug_loc     0x000000000000baad     0x1976 _build/nrf52832_xxaa/nrfx_uart.c.o
 .debug_loc     0x000000000000d423     0x13c6 _build/nrf52832_xxaa/nrfx_uarte.c.o
 .debug_loc     0x000000000000e7e9      0x1b1 _build/nrf52832_xxaa/main.c.o

.debug_ranges   0x0000000000000000     0x3600
 .debug_ranges  0x0000000000000000      0x8c0 _build/nrf52832_xxaa/nrf_log_frontend.c.o
 .debug_ranges  0x00000000000008c0       0x18 _build/nrf52832_xxaa/app_error.c.o
 .debug_ranges  0x00000000000008d8       0x10 _build/nrf52832_xxaa/app_error_weak.c.o
 .debug_ranges  0x00000000000008e8      0x498 _build/nrf52832_xxaa/app_timer.c.o
 .debug_ranges  0x0000000000000d80       0x50 _build/nrf52832_xxaa/app_util_platform.c.o
 .debug_ranges  0x0000000000000dd0       0xb8 _build/nrf52832_xxaa/nrf_atomic.c.o
 .debug_ranges  0x0000000000000e88      0x3e8 _build/nrf52832_xxaa/nrf_queue.c.o
 .debug_ranges  0x0000000000001270      0x4b8 _build/nrf52832_xxaa/nrf_serial.c.o
 .debug_ranges  0x0000000000001728       0x38 _build/nrf52832_xxaa/nrf_balloc.c.o
 .debug_ranges  0x0000000000001760       0xa8 _build/nrf52832_xxaa/nrf_memobj.c.o
 .debug_ranges  0x0000000000001808       0xf0 _build/nrf52832_xxaa/nrf_drv_clock.c.o
 .debug_ranges  0x00000000000018f8       0x40 _build/nrf52832_xxaa/nrf_drv_power.c.o
 .debug_ranges  0x0000000000001938       0x40 _build/nrf52832_xxaa/nrf_drv_spi.c.o
 .debug_ranges  0x0000000000001978       0x20 _build/nrf52832_xxaa/nrf_drv_uart.c.o
 .debug_ranges  0x0000000000001998      0x298 _build/nrf52832_xxaa/nrfx_clock.c.o
 .debug_ranges  0x0000000000001c30      0x9c0 _build/nrf52832_xxaa/nrfx_gpiote.c.o
 .debug_ranges  0x00000000000025f0      0x1c8 _build/nrf52832_xxaa/nrfx_power.c.o
 .debug_ranges  0x00000000000027b8       0x10 _build/nrf52832_xxaa/nrfx_power_clock.c.o
 .debug_ranges  0x00000000000027c8       0x38 _build/nrf52832_xxaa/nrfx_prs.c.o
 .debug_ranges  0x0000000000002800      0x300 _build/nrf52832_xxaa/nrfx_spim.c.o
 .debug_ranges  0x0000000000002b00      0x4a0 _build/nrf52832_xxaa/nrfx_uart.c.o
 .debug_ranges  0x0000000000002fa0      0x418 _build/nrf52832_xxaa/nrfx_uarte.c.o
 .debug_ranges  0x00000000000033b8       0xe0 _build/nrf52832_xxaa/main.c.o
 .debug_ranges  0x0000000000003498      0x168 _build/nrf52832_xxaa/system_nrf52.c.o

.debug_macro    0x0000000000000000     0x5c3e
 .debug_macro   0x0000000000000000      0x3be _build/nrf52832_xxaa/nrf_log_frontend.c.o
 .debug_macro   0x00000000000003be       0x16 _build/nrf52832_xxaa/nrf_log_frontend.c.o
 .debug_macro   0x00000000000003d4       0x9a _build/nrf52832_xxaa/nrf_log_frontend.c.o
 .debug_macro   0x000000000000046e       0x9e _build/nrf52832_xxaa/nrf_log_frontend.c.o
 .debug_macro   0x000000000000050c      0x21f _build/nrf52832_xxaa/app_error.c.o
 .debug_macro   0x000000000000072b       0x35 _build/nrf52832_xxaa/app_error.c.o
 .debug_macro   0x0000000000000760       0x97 _build/nrf52832_xxaa/app_error.c.o
 .debug_macro   0x00000000000007f7       0xf6 _build/nrf52832_xxaa/app_error.c.o
 .debug_macro   0x00000000000008ed      0x358 _build/nrf52832_xxaa/app_error_weak.c.o
 .debug_macro   0x0000000000000c45       0x16 _build/nrf52832_xxaa/app_error_weak.c.o
 .debug_macro   0x0000000000000c5b       0x92 _build/nrf52832_xxaa/app_error_weak.c.o
 .debug_macro   0x0000000000000ced      0x3dc _build/nrf52832_xxaa/app_timer.c.o
 .debug_macro   0x00000000000010c9       0x3c _build/nrf52832_xxaa/app_timer.c.o
 .debug_macro   0x0000000000001105       0x45 _build/nrf52832_xxaa/app_timer.c.o
 .debug_macro   0x000000000000114a      0x235 _build/nrf52832_xxaa/app_util_platform.c.o
 .debug_macro   0x000000000000137f      0x223 _build/nrf52832_xxaa/nrf_atomic.c.o
 .debug_macro   0x00000000000015a2       0x42 _build/nrf52832_xxaa/nrf_atomic.c.o
 .debug_macro   0x00000000000015e4      0x30c _build/nrf52832_xxaa/nrf_queue.c.o
 .debug_macro   0x00000000000018f0       0x32 _build/nrf52832_xxaa/nrf_queue.c.o
 .debug_macro   0x0000000000001922       0x10 _build/nrf52832_xxaa/nrf_queue.c.o
 .debug_macro   0x0000000000001932      0x3f2 _build/nrf52832_xxaa/nrf_serial.c.o
 .debug_macro   0x0000000000001d24       0x37 _build/nrf52832_xxaa/nrf_serial.c.o
 .debug_macro   0x0000000000001d5b       0x10 _build/nrf52832_xxaa/nrf_serial.c.o
 .debug_macro   0x0000000000001d6b       0x3b _build/nrf52832_xxaa/nrf_serial.c.o
 .debug_macro   0x0000000000001da6      0x326 _build/nrf52832_xxaa/nrf_balloc.c.o
 .debug_macro   0x00000000000020cc      0x309 _build/nrf52832_xxaa/nrf_memobj.c.o
 .debug_macro   0x00000000000023d5      0x10e _build/nrf52832_xxaa/nrf_memobj.c.o
 .debug_macro   0x00000000000024e3       0x86 _build/nrf52832_xxaa/nrf_memobj.c.o
 .debug_macro   0x0000000000002569       0x54 _build/nrf52832_xxaa/nrf_memobj.c.o
 .debug_macro   0x00000000000025bd      0x3f2 _build/nrf52832_xxaa/nrf_drv_clock.c.o
 .debug_macro   0x00000000000029af       0x16 _build/nrf52832_xxaa/nrf_drv_clock.c.o
 .debug_macro   0x00000000000029c5      0x17b _build/nrf52832_xxaa/nrf_drv_clock.c.o
 .debug_macro   0x0000000000002b40      0x385 _build/nrf52832_xxaa/nrf_drv_power.c.o
 .debug_macro   0x0000000000002ec5       0x28 _build/nrf52832_xxaa/nrf_drv_power.c.o
 .debug_macro   0x0000000000002eed       0x70 _build/nrf52832_xxaa/nrf_drv_power.c.o
 .debug_macro   0x0000000000002f5d      0x344 _build/nrf52832_xxaa/nrf_drv_spi.c.o
 .debug_macro   0x00000000000032a1       0x16 _build/nrf52832_xxaa/nrf_drv_spi.c.o
 .debug_macro   0x00000000000032b7       0x5d _build/nrf52832_xxaa/nrf_drv_spi.c.o
 .debug_macro   0x0000000000003314       0x10 _build/nrf52832_xxaa/nrf_drv_spi.c.o
 .debug_macro   0x0000000000003324       0x32 _build/nrf52832_xxaa/nrf_drv_spi.c.o
 .debug_macro   0x0000000000003356       0x7f _build/nrf52832_xxaa/nrf_drv_spi.c.o
 .debug_macro   0x00000000000033d5      0x34f _build/nrf52832_xxaa/nrf_drv_uart.c.o
 .debug_macro   0x0000000000003724      0x40f _build/nrf52832_xxaa/nrfx_clock.c.o
 .debug_macro   0x0000000000003b33       0x1c _build/nrf52832_xxaa/nrfx_clock.c.o
 .debug_macro   0x0000000000003b4f       0x42 _build/nrf52832_xxaa/nrfx_clock.c.o
 .debug_macro   0x0000000000003b91      0x407 _build/nrf52832_xxaa/nrfx_gpiote.c.o
 .debug_macro   0x0000000000003f98       0x1c _build/nrf52832_xxaa/nrfx_gpiote.c.o
 .debug_macro   0x0000000000003fb4       0x16 _build/nrf52832_xxaa/nrfx_gpiote.c.o
 .debug_macro   0x0000000000003fca      0x322 _build/nrf52832_xxaa/nrfx_power.c.o
 .debug_macro   0x00000000000042ec      0x32f _build/nrf52832_xxaa/nrfx_power_clock.c.o
 .debug_macro   0x000000000000461b      0x3bc _build/nrf52832_xxaa/nrfx_prs.c.o
 .debug_macro   0x00000000000049d7       0x28 _build/nrf52832_xxaa/nrfx_prs.c.o
 .debug_macro   0x00000000000049ff      0x3ef _build/nrf52832_xxaa/nrfx_spim.c.o
 .debug_macro   0x0000000000004dee      0x3d7 _build/nrf52832_xxaa/nrfx_uart.c.o
 .debug_macro   0x00000000000051c5      0x3e9 _build/nrf52832_xxaa/nrfx_uarte.c.o
 .debug_macro   0x00000000000055ae      0x569 _build/nrf52832_xxaa/main.c.o
 .debug_macro   0x0000000000005b17       0x16 _build/nrf52832_xxaa/main.c.o
 .debug_macro   0x0000000000005b2d       0x10 _build/nrf52832_xxaa/main.c.o
 .debug_macro   0x0000000000005b3d       0x10 _build/nrf52832_xxaa/main.c.o
 .debug_macro   0x0000000000005b4d       0xf1 _build/nrf52832_xxaa/system_nrf52.c.o

.debug_frame    0x0000000000000000     0x18c4
 .debug_frame   0x0000000000000000      0x2fc _build/nrf52832_xxaa/nrf_log_frontend.c.o
 .debug_frame   0x00000000000002fc       0x54 _build/nrf52832_xxaa/app_error.c.o
 .debug_frame   0x0000000000000350       0x28 _build/nrf52832_xxaa/app_error_weak.c.o
 .debug_frame   0x0000000000000378      0x138 _build/nrf52832_xxaa/app_timer.c.o
 .debug_frame   0x00000000000004b0       0x70 _build/nrf52832_xxaa/app_util_platform.c.o
 .debug_frame   0x0000000000000520      0x150 _build/nrf52832_xxaa/nrf_atomic.c.o
 .debug_frame   0x0000000000000670      0x164 _build/nrf52832_xxaa/nrf_queue.c.o
 .debug_frame   0x00000000000007d4      0x1e4 _build/nrf52832_xxaa/nrf_serial.c.o
 .debug_frame   0x00000000000009b8       0x6c _build/nrf52832_xxaa/nrf_balloc.c.o
 .debug_frame   0x0000000000000a24       0xd8 _build/nrf52832_xxaa/nrf_memobj.c.o
 .debug_frame   0x0000000000000afc      0x158 _build/nrf52832_xxaa/nrf_drv_clock.c.o
 .debug_frame   0x0000000000000c54       0xb8 _build/nrf52832_xxaa/nrf_drv_power.c.o
 .debug_frame   0x0000000000000d0c       0x58 _build/nrf52832_xxaa/nrf_drv_spi.c.o
 .debug_frame   0x0000000000000d64       0x7c _build/nrf52832_xxaa/nrf_drv_uart.c.o
 .debug_frame   0x0000000000000de0      0x120 _build/nrf52832_xxaa/nrfx_clock.c.o
 .debug_frame   0x0000000000000f00      0x260 _build/nrf52832_xxaa/nrfx_gpiote.c.o
 .debug_frame   0x0000000000001160       0xe0 _build/nrf52832_xxaa/nrfx_power.c.o
 .debug_frame   0x0000000000001240       0x2c _build/nrf52832_xxaa/nrfx_power_clock.c.o
 .debug_frame   0x000000000000126c       0x4c _build/nrf52832_xxaa/nrfx_prs.c.o
 .debug_frame   0x00000000000012b8      0x110 _build/nrf52832_xxaa/nrfx_spim.c.o
 .debug_frame   0x00000000000013c8      0x198 _build/nrf52832_xxaa/nrfx_uart.c.o
 .debug_frame   0x0000000000001560      0x188 _build/nrf52832_xxaa/nrfx_uarte.c.o
 .debug_frame   0x00000000000016e8       0x80 _build/nrf52832_xxaa/main.c.o
 .debug_frame   0x0000000000001768       0x40 _build/nrf52832_xxaa/system_nrf52.c.o
 .debug_frame   0x00000000000017a8       0x28 /usr/local/gcc-arm-none-eabi-7-2017-q4-major/bin/../lib/gcc/arm-none-eabi/7.2.1/../../../../arm-none-eabi/lib/thumb/v7e-m/fpv4-sp/hard/libc_nano.a(lib_a-exit.o)
 .debug_frame   0x00000000000017d0       0x2c /usr/local/gcc-arm-none-eabi-7-2017-q4-major/bin/../lib/gcc/arm-none-eabi/7.2.1/../../../../arm-none-eabi/lib/thumb/v7e-m/fpv4-sp/hard/libc_nano.a(lib_a-init.o)
 .debug_frame   0x00000000000017fc       0x28 /usr/local/gcc-arm-none-eabi-7-2017-q4-major/bin/../lib/gcc/arm-none-eabi/7.2.1/../../../../arm-none-eabi/lib/thumb/v7e-m/fpv4-sp/hard/libc_nano.a(lib_a-memcpy-stub.o)
 .debug_frame   0x0000000000001824       0x20 /usr/local/gcc-arm-none-eabi-7-2017-q4-major/bin/../lib/gcc/arm-none-eabi/7.2.1/../../../../arm-none-eabi/lib/thumb/v7e-m/fpv4-sp/hard/libc_nano.a(lib_a-memset.o)
 .debug_frame   0x0000000000001844       0x20 /usr/local/gcc-arm-none-eabi-7-2017-q4-major/bin/../lib/gcc/arm-none-eabi/7.2.1/../../../../arm-none-eabi/lib/thumb/v7e-m/fpv4-sp/hard/libnosys.a(_exit.o)
 .debug_frame   0x0000000000001864       0x2c /usr/local/gcc-arm-none-eabi-7-2017-q4-major/bin/../lib/gcc/arm-none-eabi/7.2.1/thumb/v7e-m/fpv4-sp/hard/libgcc.a(_aeabi_uldivmod.o)
 .debug_frame   0x0000000000001890       0x34 /usr/local/gcc-arm-none-eabi-7-2017-q4-major/bin/../lib/gcc/arm-none-eabi/7.2.1/thumb/v7e-m/fpv4-sp/hard/libgcc.a(_udivmoddi4.o)
